Component: ARM Compiler 5.06 update 7 (build 960) Tool: armlink [4d3601]

==============================================================================

Section Cross References

    startup_stm32f103xb.o(STACK) refers (Special) to heapauxi.o(.text) for __use_two_region_memory
    startup_stm32f103xb.o(HEAP) refers (Special) to heapauxi.o(.text) for __use_two_region_memory
    startup_stm32f103xb.o(RESET) refers (Special) to heapauxi.o(.text) for __use_two_region_memory
    startup_stm32f103xb.o(RESET) refers to startup_stm32f103xb.o(STACK) for __initial_sp
    startup_stm32f103xb.o(RESET) refers to startup_stm32f103xb.o(.text) for Reset_Handler
    startup_stm32f103xb.o(RESET) refers to stm32f1xx_it.o(i.NMI_Handler) for NMI_Handler
    startup_stm32f103xb.o(RESET) refers to stm32f1xx_it.o(i.HardFault_Handler) for HardFault_Handler
    startup_stm32f103xb.o(RESET) refers to stm32f1xx_it.o(i.MemManage_Handler) for MemManage_Handler
    startup_stm32f103xb.o(RESET) refers to stm32f1xx_it.o(i.BusFault_Handler) for BusFault_Handler
    startup_stm32f103xb.o(RESET) refers to stm32f1xx_it.o(i.UsageFault_Handler) for UsageFault_Handler
    startup_stm32f103xb.o(RESET) refers to stm32f1xx_it.o(i.SVC_Handler) for SVC_Handler
    startup_stm32f103xb.o(RESET) refers to stm32f1xx_it.o(i.DebugMon_Handler) for DebugMon_Handler
    startup_stm32f103xb.o(RESET) refers to stm32f1xx_it.o(i.PendSV_Handler) for PendSV_Handler
    startup_stm32f103xb.o(RESET) refers to stm32f1xx_it.o(i.SysTick_Handler) for SysTick_Handler
    startup_stm32f103xb.o(.text) refers (Special) to heapauxi.o(.text) for __use_two_region_memory
    startup_stm32f103xb.o(.text) refers to system_stm32f1xx.o(i.SystemInit) for SystemInit
    startup_stm32f103xb.o(.text) refers to __main.o(!!!main) for __main
    startup_stm32f103xb.o(.text) refers to startup_stm32f103xb.o(HEAP) for Heap_Mem
    startup_stm32f103xb.o(.text) refers to startup_stm32f103xb.o(STACK) for Stack_Mem
    main.o(i.Button1_Callback) refers to bsp_led.o(i.bsp_LedToggle) for bsp_LedToggle
    main.o(i.Button2_Callback) refers to bsp_led.o(i.bsp_LedToggle) for bsp_LedToggle
    main.o(i.SystemClock_Config) refers to rt_memclr_w.o(.text) for __aeabi_memclr4
    main.o(i.SystemClock_Config) refers to stm32f1xx_hal_rcc.o(i.HAL_RCC_OscConfig) for HAL_RCC_OscConfig
    main.o(i.SystemClock_Config) refers to main.o(i.Error_Handler) for Error_Handler
    main.o(i.SystemClock_Config) refers to stm32f1xx_hal_rcc.o(i.HAL_RCC_ClockConfig) for HAL_RCC_ClockConfig
    main.o(i.main) refers to stm32f1xx_hal.o(i.HAL_Init) for HAL_Init
    main.o(i.main) refers to main.o(i.SystemClock_Config) for SystemClock_Config
    main.o(i.main) refers to gpio.o(i.MX_GPIO_Init) for MX_GPIO_Init
    main.o(i.main) refers to bsp_oled.o(i.OLED_Init) for OLED_Init
    main.o(i.main) refers to bsp_oled.o(i.OLED_ShowChar) for OLED_ShowChar
    main.o(i.main) refers to bsp_oled.o(i.OLED_ShowString) for OLED_ShowString
    main.o(i.main) refers to bsp_oled.o(i.OLED_ShowNum) for OLED_ShowNum
    main.o(i.main) refers to bsp_oled.o(i.OLED_ShowSignedNum) for OLED_ShowSignedNum
    main.o(i.main) refers to bsp_oled.o(i.OLED_ShowHexNum) for OLED_ShowHexNum
    main.o(i.main) refers to bsp_oled.o(i.OLED_ShowBinNum) for OLED_ShowBinNum
    main.o(i.main) refers to bsp_oled.o(i.OLED_ShowFloatNum) for OLED_ShowFloatNum
    main.o(i.main) refers to bsp_oled.o(i.OLED_ShowChinese) for OLED_ShowChinese
    main.o(i.main) refers to bsp_oled.o(i.OLED_ShowImage) for OLED_ShowImage
    main.o(i.main) refers to bsp_oled.o(i.OLED_Printf) for OLED_Printf
    main.o(i.main) refers to bsp_oled.o(i.OLED_Update) for OLED_Update
    main.o(i.main) refers to stm32f1xx_hal.o(i.HAL_Delay) for HAL_Delay
    main.o(i.main) refers to bsp_oled.o(i.OLED_Clear) for OLED_Clear
    main.o(i.main) refers to bsp_oled.o(i.OLED_DrawPoint) for OLED_DrawPoint
    main.o(i.main) refers to bsp_oled.o(i.OLED_GetPoint) for OLED_GetPoint
    main.o(i.main) refers to bsp_oled.o(i.OLED_DrawLine) for OLED_DrawLine
    main.o(i.main) refers to bsp_oled.o(i.OLED_DrawRectangle) for OLED_DrawRectangle
    main.o(i.main) refers to bsp_oled.o(i.OLED_DrawTriangle) for OLED_DrawTriangle
    main.o(i.main) refers to bsp_oled.o(i.OLED_DrawCircle) for OLED_DrawCircle
    main.o(i.main) refers to bsp_oled.o(i.OLED_DrawEllipse) for OLED_DrawEllipse
    main.o(i.main) refers to bsp_oled.o(i.OLED_DrawArc) for OLED_DrawArc
    main.o(i.main) refers to bsp_oled.o(i.OLED_ReverseArea) for OLED_ReverseArea
    main.o(i.main) refers to bsp_oled.o(i.OLED_Reverse) for OLED_Reverse
    main.o(i.main) refers to oled_data.o(.constdata) for Diode
    gpio.o(i.MX_GPIO_Init) refers to stm32f1xx_hal_gpio.o(i.HAL_GPIO_WritePin) for HAL_GPIO_WritePin
    gpio.o(i.MX_GPIO_Init) refers to stm32f1xx_hal_gpio.o(i.HAL_GPIO_Init) for HAL_GPIO_Init
    stm32f1xx_it.o(i.SysTick_Handler) refers to stm32f1xx_hal.o(i.HAL_IncTick) for HAL_IncTick
[...]
    i.I2C_GetAck                             0x08002750   Section        0  bsp_iic.o(i.I2C_GetAck)
    i.I2C_Start                              0x080027b8   Section        0  bsp_iic.o(i.I2C_Start)
    i.I2C_Stop                               0x080027ec   Section        0  bsp_iic.o(i.I2C_Stop)
    i.I2C_WriteByte                          0x08002820   Section        0  bsp_iic.o(i.I2C_WriteByte)
    i.MX_GPIO_Init                           0x0800287c   Section        0  gpio.o(i.MX_GPIO_Init)
    i.MemManage_Handler                      0x08002954   Section        0  stm32f1xx_it.o(i.MemManage_Handler)
    i.NMI_Handler                            0x08002958   Section        0  stm32f1xx_it.o(i.NMI_Handler)
    i.OLED_Clear                             0x0800295c   Section        0  bsp_oled.o(i.OLED_Clear)
    i.OLED_ClearArea                         0x08002984   Section        0  bsp_oled.o(i.OLED_ClearArea)
    i.OLED_DrawArc                           0x08002a14   Section        0  bsp_oled.o(i.OLED_DrawArc)
    i.OLED_DrawCircle                        0x08002c7e   Section        0  bsp_oled.o(i.OLED_DrawCircle)
    i.OLED_DrawEllipse                       0x08002de0   Section        0  bsp_oled.o(i.OLED_DrawEllipse)
    i.OLED_DrawLine                          0x0800310c   Section        0  bsp_oled.o(i.OLED_DrawLine)
    i.OLED_DrawPoint                         0x08003284   Section        0  bsp_oled.o(i.OLED_DrawPoint)
    i.OLED_DrawRectangle                     0x080032d4   Section        0  bsp_oled.o(i.OLED_DrawRectangle)
    i.OLED_DrawTriangle                      0x08003362   Section        0  bsp_oled.o(i.OLED_DrawTriangle)
    i.OLED_GetPoint                          0x0800344c   Section        0  bsp_oled.o(i.OLED_GetPoint)
    i.OLED_Init                              0x08003490   Section        0  bsp_oled.o(i.OLED_Init)
    i.OLED_IsInAngle                         0x0800352c   Section        0  bsp_oled.o(i.OLED_IsInAngle)
    i.OLED_Pow                               0x080035a8   Section        0  bsp_oled.o(i.OLED_Pow)
    i.OLED_Printf                            0x080035bc   Section        0  bsp_oled.o(i.OLED_Printf)
    i.OLED_Reverse                           0x080035f0   Section        0  bsp_oled.o(i.OLED_Reverse)
    i.OLED_ReverseArea                       0x08003624   Section        0  bsp_oled.o(i.OLED_ReverseArea)
    i.OLED_SetCursor                         0x080036b4   Section        0  bsp_oled.o(i.OLED_SetCursor)
    i.OLED_ShowBinNum                        0x080036d6   Section        0  bsp_oled.o(i.OLED_ShowBinNum)
    i.OLED_ShowChar                          0x0800371c   Section        0  bsp_oled.o(i.OLED_ShowChar)
    i.OLED_ShowChinese                       0x08003770   Section        0  bsp_oled.o(i.OLED_ShowChinese)
    i.OLED_ShowFloatNum                      0x0800380c   Section        0  bsp_oled.o(i.OLED_ShowFloatNum)
    i.OLED_ShowHexNum                        0x080038de   Section        0  bsp_oled.o(i.OLED_ShowHexNum)
    i.OLED_ShowImage                         0x08003940   Section        0  bsp_oled.o(i.OLED_ShowImage)
    i.OLED_ShowNum                           0x08003a3c   Section        0  bsp_oled.o(i.OLED_ShowNum)
    i.OLED_ShowSignedNum                     0x08003a88   Section        0  bsp_oled.o(i.OLED_ShowSignedNum)
    i.OLED_ShowString                        0x08003af8   Section        0  bsp_oled.o(i.OLED_ShowString)
    i.OLED_Update                            0x08003b28   Section        0  bsp_oled.o(i.OLED_Update)
    i.OLED_WriteCommand                      0x08003b50   Section        0  bsp_oled.o(i.OLED_WriteCommand)
    i.OLED_WriteData                         0x08003b70   Section        0  bsp_oled.o(i.OLED_WriteData)
    i.OLED_pnpoly                            0x08003b9e   Section        0  bsp_oled.o(i.OLED_pnpoly)
    i.PendSV_Handler                         0x08003c2a   Section        0  stm32f1xx_it.o(i.PendSV_Handler)
    i.RCC_Delay                              0x08003c2c   Section        0  stm32f1xx_hal_rcc.o(i.RCC_Delay)
    RCC_Delay                                0x08003c2d   Thumb Code    36  stm32f1xx_hal_rcc.o(i.RCC_Delay)
    i.SVC_Handler                            0x08003c54   Section        0  stm32f1xx_it.o(i.SVC_Handler)
    i.SysTick_Handler                        0x08003c56   Section        0  stm32f1xx_it.o(i.SysTick_Handler)
    i.SystemClock_Config                     0x08003c5e   Section        0  main.o(i.SystemClock_Config)
    i.SystemInit                             0x08003cc4   Section        0  system_stm32f1xx.o(i.SystemInit)
    i.UsageFault_Handler                     0x08003cc6   Section        0  stm32f1xx_it.o(i.UsageFault_Handler)
    i.__ARM_fpclassify                       0x08003cca   Section        0  fpclassify.o(i.__ARM_fpclassify)
    i.__NVIC_GetPriorityGrouping             0x08003cf4   Section        0  stm32f1xx_hal_cortex.o(i.__NVIC_GetPriorityGrouping)
    __NVIC_GetPriorityGrouping               0x08003cf5   Thumb Code    10  stm32f1xx_hal_cortex.o(i.__NVIC_GetPriorityGrouping)
    i.__NVIC_SetPriority                     0x08003d04   Section        0  stm32f1xx_hal_cortex.o(i.__NVIC_SetPriority)
    __NVIC_SetPriority                       0x08003d05   Thumb Code    32  stm32f1xx_hal_cortex.o(i.__NVIC_SetPriority)
    i.__kernel_poly                          0x08003d2c   Section        0  poly.o(i.__kernel_poly)
    i.__mathlib_dbl_infnan                   0x08003dd6   Section        0  dunder.o(i.__mathlib_dbl_infnan)
    i.__mathlib_dbl_infnan2                  0x08003ddc   Section        0  dunder.o(i.__mathlib_dbl_infnan2)
    i.__mathlib_dbl_underflow                0x08003de0   Section        0  dunder.o(i.__mathlib_dbl_underflow)
    i._is_digit                              0x08003df0   Section        0  __printf_wp.o(i._is_digit)
    i.atan                                   0x08003e00   Section        0  atan.o(i.atan)
    i.atan2                                  0x08004020   Section        0  atan2.o(i.atan2)
    i.main                                   0x080041bc   Section        0  main.o(i.main)
    i.round                                  0x08004414   Section        0  round.o(i.round)
    locale$$code                             0x080044a8   Section       44  lc_numeric_c.o(locale$$code)
    locale$$code                             0x080044d4   Section       44  lc_ctype_c.o(locale$$code)
    x$fpl$d2f                                0x08004500   Section       98  d2f.o(x$fpl$d2f)
    x$fpl$dadd                               0x08004564   Section      336  daddsub_clz.o(x$fpl$dadd)
    _dadd1                                   0x08004575   Thumb Code     0  daddsub_clz.o(x$fpl$dadd)
    x$fpl$dcheck1                            0x080046b4   Section       16  dcheck1.o(x$fpl$dcheck1)
    x$fpl$dcmpinf                            0x080046c4   Section       24  dcmpi.o(x$fpl$dcmpinf)
    x$fpl$ddiv                               0x080046dc   Section      688  ddiv.o(x$fpl$ddiv)
    ddiv_entry                               0x080046e3   Thumb Code     0  ddiv.o(x$fpl$ddiv)
    x$fpl$deqf                               0x0800498c   Section      120  deqf.o(x$fpl$deqf)
    x$fpl$dfix                               0x08004a04   Section       94  dfix.o(x$fpl$dfix)
    x$fpl$dfixu                              0x08004a64   Section       90  dfixu.o(x$fpl$dfixu)
    x$fpl$dflt                               0x08004abe   Section       46  dflt_clz.o(x$fpl$dflt)
    x$fpl$dfltu                              0x08004aec   Section       38  dflt_clz.o(x$fpl$dfltu)
    x$fpl$dleqf                              0x08004b14   Section      120  dleqf.o(x$fpl$dleqf)
    x$fpl$dmul                               0x08004b8c   Section      340  dmul.o(x$fpl$dmul)
    x$fpl$dnaninf                            0x08004ce0   Section      156  dnaninf.o(x$fpl$dnaninf)
    x$fpl$dretinf                            0x08004d7c   Section       12  dretinf.o(x$fpl$dretinf)
    x$fpl$drleqf                             0x08004d88   Section      108  drleqf.o(x$fpl$drleqf)
    x$fpl$drnd                               0x08004df4   Section      180  drnd.o(x$fpl$drnd)
    x$fpl$drsb                               0x08004ea8   Section       22  daddsub_clz.o(x$fpl$drsb)
    x$fpl$dsub                               0x08004ec0   Section      468  daddsub_clz.o(x$fpl$dsub)
    _dsub1                                   0x08004ed1   Thumb Code     0  daddsub_clz.o(x$fpl$dsub)
    x$fpl$fadd                               0x08005094   Section      196  faddsub_clz.o(x$fpl$fadd)
    _fadd1                                   0x080050a3   Thumb Code     0  faddsub_clz.o(x$fpl$fadd)
    x$fpl$fcmpinf                            0x08005158   Section       24  fcmpi.o(x$fpl$fcmpinf)
    x$fpl$fflt                               0x08005170   Section       48  fflt_clz.o(x$fpl$fflt)
    x$fpl$fleqf                              0x080051a0   Section      104  fleqf.o(x$fpl$fleqf)
    x$fpl$fnaninf                            0x08005208   Section      140  fnaninf.o(x$fpl$fnaninf)
    x$fpl$fretinf                            0x08005294   Section       10  fretinf.o(x$fpl$fretinf)
    x$fpl$fsub                               0x080052a0   Section      234  faddsub_clz.o(x$fpl$fsub)
    _fsub1                                   0x080052af   Thumb Code     0  faddsub_clz.o(x$fpl$fsub)
    x$fpl$printf1                            0x0800538a   Section        4  printf1.o(x$fpl$printf1)
    x$fpl$printf2                            0x0800538e   Section        4  printf2.o(x$fpl$printf2)
    x$fpl$retnan                             0x08005392   Section      100  retnan.o(x$fpl$retnan)
    x$fpl$scalbn                             0x080053f6   Section       92  scalbn.o(x$fpl$scalbn)
    x$fpl$trapveneer                         0x08005452   Section       48  trapv.o(x$fpl$trapveneer)
    .constdata                               0x08005482   Section       18  stm32f1xx_hal_rcc.o(.constdata)
    x$fpl$usenofp                            0x08005482   Section        0  usenofp.o(x$fpl$usenofp)
    aPLLMULFactorTable                       0x08005482   Data          16  stm32f1xx_hal_rcc.o(.constdata)
    aPredivFactorTable                       0x08005492   Data           2  stm32f1xx_hal_rcc.o(.constdata)
    .constdata                               0x08005494   Section       24  system_stm32f1xx.o(.constdata)
    .constdata                               0x080054ac   Section     2367  oled_data.o(.constdata)
    .constdata                               0x08005dec   Section        8  _printf_wctomb.o(.constdata)
    initial_mbstate                          0x08005dec   Data           8  _printf_wctomb.o(.constdata)
    .constdata                               0x08005df4   Section       40  _printf_hex_int_ll_ptr.o(.constdata)
    uc_hextab                                0x08005df4   Data          20  _printf_hex_int_ll_ptr.o(.constdata)
    lc_hextab                                0x08005e08   Data          20  _printf_hex_int_ll_ptr.o(.constdata)
    .constdata                               0x08005e1c   Section       17  __printf_flags_ss_wp.o(.constdata)
    maptable                                 0x08005e1c   Data          17  __printf_flags_ss_wp.o(.constdata)
    .constdata                               0x08005e30   Section      152  atan.o(.constdata)
    atanhi                                   0x08005e30   Data          32  atan.o(.constdata)
    atanlo                                   0x08005e50   Data          32  atan.o(.constdata)
    aTodd                                    0x08005e70   Data          40  atan.o(.constdata)
    aTeven                                   0x08005e98   Data          48  atan.o(.constdata)
    .constdata                               0x08005ec8   Section        8  qnan.o(.constdata)
    .constdata                               0x08005ed0   Section       38  _printf_fp_hex.o(.constdata)
    lc_hextab                                0x08005ed0   Data          19  _printf_fp_hex.o(.constdata)
    uc_hextab                                0x08005ee3   Data          19  _printf_fp_hex.o(.constdata)
    .constdata                               0x08005ef8   Section      148  bigflt0.o(.constdata)
    tenpwrs_x                                0x08005ef8   Data          60  bigflt0.o(.constdata)
    tenpwrs_i                                0x08005f34   Data          64  bigflt0.o(.constdata)
    locale$$data                             0x08005fac   Section       28  lc_numeric_c.o(locale$$data)
    __lcnum_c_name                           0x08005fb0   Data           2  lc_numeric_c.o(locale$$data)
    __lcnum_c_start                          0x08005fb8   Data           0  lc_numeric_c.o(locale$$data)
    __lcnum_c_point                          0x08005fc4   Data           0  lc_numeric_c.o(locale$$data)
    __lcnum_c_thousands                      0x08005fc6   Data           0  lc_numeric_c.o(locale$$data)
    __lcnum_c_grouping                       0x08005fc7   Data           0  lc_numeric_c.o(locale$$data)
    locale$$data                             0x08005fc8   Section      272  lc_ctype_c.o(locale$$data)
    __lcnum_c_end                            0x08005fc8   Data           0  lc_numeric_c.o(locale$$data)
    __lcctype_c_name                         0x08005fcc   Data           2  lc_ctype_c.o(locale$$data)
    __lcctype_c_start                        0x08005fd4   Data           0  lc_ctype_c.o(locale$$data)
    __lcctype_c_end                          0x080060d8   Data           0  lc_ctype_c.o(locale$$data)
    .data                                    0x20000000   Section        9  stm32f1xx_hal.o(.data)
    .data                                    0x2000000c   Section        4  system_stm32f1xx.o(.data)
    .bss                                     0x20000010   Section     1024  bsp_oled.o(.bss)
    .bss                                     0x20000410   Section       96  libspace.o(.bss)
    HEAP                                     0x20000470   Section      512  startup_stm32f103xb.o(HEAP)
    Heap_Mem                                 0x20000470   Data         512  startup_stm32f103xb.o(HEAP)
    STACK                                    0x20000670   Section     1024  startup_stm32f103xb.o(STACK)
    Stack_Mem                                0x20000670   Data        1024  startup_stm32f103xb.o(STACK)
    __initial_sp                             0x20000a70   Data           0  startup_stm32f103xb.o(STACK)

    Global Symbols

    Symbol Name                              Value     Ov Type        Size  Object(Section)

    BuildAttributes$$THM_ISAv4$P$D$K$B$S$PE$A:L22UL41UL21$X:L11$S22US41US21$IEEE1$IW$USESV6$~STKCKD$USESV7$~SHL$OTIME$ROPI$IEEEX$EBA8$UX$STANDARDLIB$REQ8$PRES8$EABIv2 0x00000000   Number         0  anon$$obj.o ABSOLUTE
    __ARM_use_no_argv                        0x00000000   Number         0  main.o ABSOLUTE
    _printf_flags                            0x00000000   Number         0  printf_stubs.o ABSOLUTE
    _printf_return_value                     0x00000000   Number         0  printf_stubs.o ABSOLUTE
    _printf_sizespec                         0x00000000   Number         0  printf_stubs.o ABSOLUTE
    _printf_widthprec                        0x00000000   Number         0  printf_stubs.o ABSOLUTE
    __ARM_exceptions_init                     - Undefined Weak Reference
    __alloca_initialize                       - Undefined Weak Reference
    __arm_fini_                               - Undefined Weak Reference
    __arm_preinit_                            - Undefined Weak Reference
    __cpp_initialize__aeabi_                  - Undefined Weak Reference
    __cxa_finalize                            - Undefined Weak Reference
    __sigvec_lookup                           - Undefined Weak Reference
    _atexit_init                              - Undefined Weak Reference
    _call_atexit_fns                          - Undefined Weak Reference
    _clock_init                               - Undefined Weak Reference
    _fp_trap_init                             - Undefined Weak Reference
    _fp_trap_shutdown                         - Undefined Weak Reference
    _get_lc_collate                           - Undefined Weak Reference
    _get_lc_monetary                          - Undefined Weak Reference
    _get_lc_time                              - Undefined Weak Reference
    _getenv_init                              - Undefined Weak Reference
    _handle_redirection                       - Undefined Weak Reference
    _init_alloc                               - Undefined Weak Reference
    _init_user_alloc                          - Undefined Weak Reference
    _initio                                   - Undefined Weak Reference
    _printf_mbtowc                            - Undefined Weak Reference
    _printf_wc                                - Undefined Weak Reference
    _rand_init                                - Undefined Weak Reference
    _signal_finish                            - Undefined Weak Reference
    _signal_init                              - Undefined Weak Reference
    _terminate_alloc                          - Undefined Weak Reference
    _terminate_user_alloc                     - Undefined Weak Reference
    _terminateio                              - Undefined Weak Reference
    __Vectors_Size                           0x000000ec   Number         0  startup_stm32f103xb.o ABSOLUTE
    __Vectors                                0x08000000   Data           4  startup_stm32f103xb.o(RESET)
    __Vectors_End                            0x080000ec   Data           0  startup_stm32f103xb.o(RESET)
    __main                                   0x080000ed   Thumb Code     8  __main.o(!!!main)
    __scatterload                            0x080000f5   Thumb Code     0  __scatter.o(!!!scatter)
    __scatterload_rt2                        0x080000f5   Thumb Code    44  __scatter.o(!!!scatter)
    __scatterload_rt2_thumb_only             0x080000f5   Thumb Code     0  __scatter.o(!!!scatter)
    __scatterload_null                       0x08000103   Thumb Code     0  __scatter.o(!!!scatter)
    __scatterload_copy                       0x08000129   Thumb Code    26  __scatter_copy.o(!!handler_copy)
    __scatterload_zeroinit                   0x08000145   Thumb Code    28  __scatter_zi.o(!!handler_zi)
    _printf_n                                0x08000161   Thumb Code     0  _printf_n.o(.ARM.Collect$$_printf_percent$$00000001)
    _printf_percent                          0x08000161   Thumb Code     0  _printf_percent.o(.ARM.Collect$$_printf_percent$$00000000)
    _printf_p                                0x08000167   Thumb Code     0  _printf_p.o(.ARM.Collect$$_printf_percent$$00000002)
    _printf_f                                0x0800016d   Thumb Code     0  _printf_f.o(.ARM.Collect$$_printf_percent$$00000003)
    _printf_e                                0x08000173   Thumb Code     0  _printf_e.o(.ARM.Collect$$_printf_percent$$00000004)
    _printf_g                                0x08000179   Thumb Code     0  _printf_g.o(.ARM.Collect$$_printf_percent$$00000005)
    _printf_a                                0x0800017f   Thumb Code     0  _printf_a.o(.ARM.Collect$$_printf_percent$$00000006)
    _printf_ll                               0x08000185   Thumb Code     0  _printf_ll.o(.ARM.Collect$$_printf_percent$$00000007)
    _printf_i                                0x0800018f   Thumb Code     0  _printf_i.o(.ARM.Collect$$_printf_percent$$00000008)
    _printf_d                                0x08000195   Thumb Code     0  _printf_d.o(.ARM.Collect$$_printf_percent$$00000009)
    _printf_u                                0x0800019b   Thumb Code     0  _printf_u.o(.ARM.Collect$$_printf_percent$$0000000A)
    _printf_o                                0x080001a1   Thumb Code     0  _printf_o.o(.ARM.Collect$$_printf_percent$$0000000B)
    _printf_x                                0x080001a7   Thumb Code     0  _printf_x.o(.ARM.Collect$$_printf_percent$$0000000C)
    _printf_lli                              0x080001ad   Thumb Code     0  _printf_lli.o(.ARM.Collect$$_printf_percent$$0000000D)
    _printf_lld                              0x080001b3   Thumb Code     0  _printf_lld.o(.ARM.Collect$$_printf_percent$$0000000E)
    _printf_llu                              0x080001b9   Thumb Code     0  _printf_llu.o(.ARM.Collect$$_printf_percent$$0000000F)
    _printf_llo                              0x080001bf   Thumb Code     0  _printf_llo.o(.ARM.Collect$$_printf_percent$$00000010)
    _printf_llx                              0x080001c5   Thumb Code     0  _printf_llx.o(.ARM.Collect$$_printf_percent$$00000011)
    _printf_l                                0x080001cb   Thumb Code     0  _printf_l.o(.ARM.Collect$$_printf_percent$$00000012)
    _printf_c                                0x080001d5   Thumb Code     0  _printf_c.o(.ARM.Collect$$_printf_percent$$00000013)
    _printf_s                                0x080001db   Thumb Code     0  _printf_s.o(.ARM.Collect$$_printf_percent$$00000014)
    _printf_lc                               0x080001e1   Thumb Code     0  _printf_lc.o(.ARM.Collect$$_printf_percent$$00000015)
    _printf_ls                               0x080001e7   Thumb Code     0  _printf_ls.o(.ARM.Collect$$_printf_percent$$00000016)
    _printf_percent_end                      0x080001ed   Thumb Code     0  _printf_percent_end.o(.ARM.Collect$$_printf_percent$$00000017)
    __rt_lib_init                            0x080001f1   Thumb Code     0  libinit.o(.ARM.Collect$$libinit$$00000000)
    __rt_lib_init_fp_1                       0x080001f3   Thumb Code     0  libinit2.o(.ARM.Collect$$libinit$$00000002)
    __rt_lib_init_heap_1                     0x080001f3   Thumb Code     0  libinit2.o(.ARM.Collect$$libinit$$0000000A)
    __rt_lib_init_lc_common                  0x080001f3   Thumb Code     0  libinit2.o(.ARM.Collect$$libinit$$0000000F)
    __rt_lib_init_preinit_1                  0x080001f3   Thumb Code     0  libinit2.o(.ARM.Collect$$libinit$$00000004)
    __rt_lib_init_rand_1                     0x080001f3   Thumb Code     0  libinit2.o(.ARM.Collect$$libinit$$0000000E)
    __rt_lib_init_user_alloc_1               0x080001f3   Thumb Code     0  libinit2.o(.ARM.Collect$$libinit$$0000000C)
    __rt_lib_init_lc_collate_1               0x080001f9   Thumb Code     0  libinit2.o(.ARM.Collect$$libinit$$00000011)
    __rt_lib_init_lc_ctype_2                 0x080001f9   Thumb Code     0  libinit2.o(.ARM.Collect$$libinit$$00000012)
    __rt_lib_init_lc_ctype_1                 0x08000205   Thumb Code     0  libinit2.o(.ARM.Collect$$libinit$$00000013)
    __rt_lib_init_lc_monetary_1              0x08000205   Thumb Code     0  libinit2.o(.ARM.Collect$$libinit$$00000015)
    __rt_lib_init_lc_numeric_2               0x08000205   Thumb Code     0  libinit2.o(.ARM.Collect$$libinit$$00000016)
    __rt_lib_init_alloca_1                   0x0800020f   Thumb Code     0  libinit2.o(.ARM.Collect$$libinit$$0000002E)
    __rt_lib_init_argv_1                     0x0800020f   Thumb Code     0  libinit2.o(.ARM.Collect$$libinit$$0000002C)
    __rt_lib_init_atexit_1                   0x0800020f   Thumb Code     0  libinit2.o(.ARM.Collect$$libinit$$0000001B)
    __rt_lib_init_clock_1                    0x0800020f   Thumb Code     0  libinit2.o(.ARM.Collect$$libinit$$00000021)
    __rt_lib_init_cpp_1                      0x0800020f   Thumb Code     0  libinit2.o(.ARM.Collect$$libinit$$00000032)
    __rt_lib_init_exceptions_1               0x0800020f   Thumb Code     0  libinit2.o(.ARM.Collect$$libinit$$00000030)
    __rt_lib_init_fp_trap_1                  0x0800020f   Thumb Code     0  libinit2.o(.ARM.Collect$$libinit$$0000001F)
    __rt_lib_init_getenv_1                   0x0800020f   Thumb Code     0  libinit2.o(.ARM.Collect$$libinit$$00000023)
    __rt_lib_init_lc_numeric_1               0x0800020f   Thumb Code     0  libinit2.o(.ARM.Collect$$libinit$$00000017)
    __rt_lib_init_lc_time_1                  0x0800020f   Thumb Code     0  libinit2.o(.ARM.Collect$$libinit$$00000019)
    __rt_lib_init_return                     0x0800020f   Thumb Code     0  libinit2.o(.ARM.Collect$$libinit$$00000033)
    __rt_lib_init_signal_1                   0x0800020f   Thumb Code     0  libinit2.o(.ARM.Collect$$libinit$$0000001D)
    __rt_lib_init_stdio_1                    0x0800020f   Thumb Code     0  libinit2.o(.ARM.Collect$$libinit$$00000025)
    __rt_lib_shutdown                        0x08000211   Thumb Code     0  libshutdown.o(.ARM.Collect$$libshutdown$$00000000)
    __rt_lib_shutdown_cpp_1                  0x08000213   Thumb Code     0  libshutdown2.o(.ARM.Collect$$libshutdown$$00000004)
    __rt_lib_shutdown_fini_1                 0x08000213   Thumb Code     0  libshutdown2.o(.ARM.Collect$$libshutdown$$00000002)
    __rt_lib_shutdown_fp_trap_1              0x08000213   Thumb Code     0  libshutdown2.o(.ARM.Collect$$libshutdown$$00000009)
    __rt_lib_shutdown_heap_1                 0x08000213   Thumb Code     0  libshutdown2.o(.ARM.Collect$$libshutdown$$00000011)
    __rt_lib_shutdown_return                 0x08000213   Thumb Code     0  libshutdown2.o(.ARM.Collect$$libshutdown$$00000012)
    __rt_lib_shutdown_signal_1               0x08000213   Thumb Code     0  libshutdown2.o(.ARM.Collect$$libshutdown$$0000000C)
    __rt_lib_shutdown_stdio_1                0x08000213   Thumb Code     0  libshutdown2.o(.ARM.Collect$$libshutdown$$00000006)
    __rt_lib_shutdown_user_alloc_1           0x08000213   Thumb Code     0  libshutdown2.o(.ARM.Collect$$libshutdown$$0000000E)
    __rt_entry                               0x08000215   Thumb Code     0  __rtentry.o(.ARM.Collect$$rtentry$$00000000)
    __rt_entry_presh_1                       0x08000215   Thumb Code     0  __rtentry2.o(.ARM.Collect$$rtentry$$00000002)
    __rt_entry_sh                            0x08000215   Thumb Code     0  __rtentry4.o(.ARM.Collect$$rtentry$$00000004)
    __rt_entry_li                            0x0800021b   Thumb Code     0  __rtentry2.o(.ARM.Collect$$rtentry$$0000000A)
    __rt_entry_postsh_1                      0x0800021b   Thumb Code     0  __rtentry2.o(.ARM.Collect$$rtentry$$00000009)
    __rt_entry_main                          0x0800021f   Thumb Code     0  __rtentry2.o(.ARM.Collect$$rtentry$$0000000D)
    __rt_entry_postli_1                      0x0800021f   Thumb Code     0  __rtentry2.o(.ARM.Collect$$rtentry$$0000000C)
    __rt_exit                                0x08000227   Thumb Code     0  rtexit.o(.ARM.Collect$$rtexit$$00000000)
    __rt_exit_ls                             0x08000229   Thumb Code     0  rtexit2.o(.ARM.Collect$$rtexit$$00000003)
    __rt_exit_prels_1                        0x08000229   Thumb Code     0  rtexit2.o(.ARM.Collect$$rtexit$$00000002)
    __rt_exit_exit                           0x0800022d   Thumb Code     0  rtexit2.o(.ARM.Collect$$rtexit$$00000004)
    Reset_Handler                            0x08000235   Thumb Code     8  startup_stm32f103xb.o(.text)
    ADC1_2_IRQHandler                        0x0800024f   Thumb Code     0  startup_stm32f103xb.o(.text)
    CAN1_RX1_IRQHandler                      0x0800024f   Thumb Code     0  startup_stm32f103xb.o(.text)
    CAN1_SCE_IRQHandler                      0x0800024f   Thumb Code     0  startup_stm32f103xb.o(.text)
    DMA1_Channel1_IRQHandler                 0x0800024f   Thumb Code     0  startup_stm32f103xb.o(.text)
    DMA1_Channel2_IRQHandler                 0x0800024f   Thumb Code     0  startup_stm32f103xb.o(.text)
    DMA1_Channel3_IRQHandler                 0x0800024f   Thumb Code     0  startup_stm32f103xb.o(.text)
    DMA1_Channel4_IRQHandler                 0x0800024f   Thumb Code     0  startup_stm32f103xb.o(.text)
    DMA1_Channel5_IRQHandler                 0x0800024f   Thumb Code     0  startup_stm32f103xb.o(.text)
    DMA1_Channel6_IRQHandler                 0x0800024f   Thumb Code     0  startup_stm32f103xb.o(.text)
    DMA1_Channel7_IRQHandler                 0x0800024f   Thumb Code     0  startup_stm32f103xb.o(.text)
    EXTI0_IRQHandler                         0x0800024f   Thumb Code     0  startup_stm32f103xb.o(.text)
    EXTI15_10_IRQHandler                     0x0800024f   Thumb Code     0  startup_stm32f103xb.o(.text)
    EXTI1_IRQHandler                         0x0800024f   Thumb Code     0  startup_stm32f103xb.o(.text)
    EXTI2_IRQHandler                         0x0800024f   Thumb Code     0  startup_stm32f103xb.o(.text)
    EXTI3_IRQHandler                         0x0800024f   Thumb Code     0  startup_stm32f103xb.o(.text)
    EXTI4_IRQHandler                         0x0800024f   Thumb Code     0  startup_stm32f103xb.o(.text)
    EXTI9_5_IRQHandler                       0x0800024f   Thumb Code     0  startup_stm32f103xb.o(.text)
    FLASH_IRQHandler                         0x0800024f   Thumb Code     0  startup_stm32f103xb.o(.text)
    I2C1_ER_IRQHandler                       0x0800024f   Thumb Code     0  startup_stm32f103xb.o(.text)
    I2C1_EV_IRQHandler                       0x0800024f   Thumb Code     0  startup_stm32f103xb.o(.text)
    I2C2_ER_IRQHandler                       0x0800024f   Thumb Code     0  startup_stm32f103xb.o(.text)
    I2C2_EV_IRQHandler                       0x0800024f   Thumb Code     0  startup_stm32f103xb.o(.text)
    PVD_IRQHandler                           0x0800024f   Thumb Code     0  startup_stm32f103xb.o(.text)
    RCC_IRQHandler                           0x0800024f   Thumb Code     0  startup_stm32f103xb.o(.text)
    RTC_Alarm_IRQHandler                     0x0800024f   Thumb Code     0  startup_stm32f103xb.o(.text)
    RTC_IRQHandler                           0x0800024f   Thumb Code     0  startup_stm32f103xb.o(.text)
    SPI1_IRQHandler                          0x0800024f   Thumb Code     0  startup_stm32f103xb.o(.text)
    SPI2_IRQHandler                          0x0800024f   Thumb Code     0  startup_stm32f103xb.o(.text)
    TAMPER_IRQHandler                        0x0800024f   Thumb Code     0  startup_stm32f103xb.o(.text)
    TIM1_BRK_IRQHandler                      0x0800024f   Thumb Code     0  startup_stm32f103xb.o(.text)
    TIM1_CC_IRQHandler                       0x0800024f   Thumb Code     0  startup_stm32f103xb.o(.text)
    TIM1_TRG_COM_IRQHandler                  0x0800024f   Thumb Code     0  startup_stm32f103xb.o(.text)
    TIM1_UP_IRQHandler                       0x0800024f   Thumb Code     0  startup_stm32f103xb.o(.text)
    TIM2_IRQHandler                          0x0800024f   Thumb Code     0  startup_stm32f103xb.o(.text)
    TIM3_IRQHandler                          0x0800024f   Thumb Code     0  startup_stm32f103xb.o(.text)
    TIM4_IRQHandler                          0x0800024f   Thumb Code     0  startup_stm32f103xb.o(.text)
    USART1_IRQHandler                        0x0800024f   Thumb Code     0  startup_stm32f103xb.o(.text)
    USART2_IRQHandler                        0x0800024f   Thumb Code     0  startup_stm32f103xb.o(.text)
    USART3_IRQHandler                        0x0800024f   Thumb Code     0  startup_stm32f103xb.o(.text)
    USBWakeUp_IRQHandler                     0x0800024f   Thumb Code     0  startup_stm32f103xb.o(.text)
    USB_HP_CAN1_TX_IRQHandler                0x0800024f   Thumb Code     0  startup_stm32f103xb.o(.text)
    USB_LP_CAN1_RX0_IRQHandler               0x0800024f   Thumb Code     0  startup_stm32f103xb.o(.text)
    WWDG_IRQHandler                          0x0800024f   Thumb Code     0  startup_stm32f103xb.o(.text)
    __user_initial_stackheap                 0x08000251   Thumb Code     0  startup_stm32f103xb.o(.text)
    vsprintf                                 0x08000275   Thumb Code    32  vsprintf.o(.text)
    __aeabi_memclr4                          0x08000299   Thumb Code     0  rt_memclr_w.o(.text)
    __aeabi_memclr8                          0x08000299   Thumb Code     0  rt_memclr_w.o(.text)
    __rt_memclr_w                            0x08000299   Thumb Code    78  rt_memclr_w.o(.text)
    _memset_w                                0x0800029d   Thumb Code     0  rt_memclr_w.o(.text)
    strcmp                                   0x080002e9   Thumb Code   128  strcmpv7m.o(.text)
    __use_two_region_memory                  0x08000369   Thumb Code     2  heapauxi.o(.text)
    __rt_heap_escrow$2region                 0x0800036b   Thumb Code     2  heapauxi.o(.text)
    __rt_heap_expand$2region                 0x0800036d   Thumb Code     2  heapauxi.o(.text)
    __read_errno                             0x0800036f   Thumb Code    10  _rserrno.o(.text)
    __set_errno                              0x08000379   Thumb Code    12  _rserrno.o(.text)
    _printf_pre_padding                      0x08000385   Thumb Code    44  _printf_pad.o(.text)
    _printf_post_padding                     0x080003b1   Thumb Code    34  _printf_pad.o(.text)
    _printf_truncate_signed                  0x080003d3   Thumb Code    18  _printf_truncate.o(.text)
    _printf_truncate_unsigned                0x080003e5   Thumb Code    18  _printf_truncate.o(.text)
    _printf_str                              0x080003f7   Thumb Code    82  _printf_str.o(.text)
    _printf_int_dec                          0x08000449   Thumb Code   104  _printf_dec.o(.text)
    _printf_charcount                        0x080004c1   Thumb Code    40  _printf_charcount.o(.text)
    _printf_char_common                      0x080004f3   Thumb Code    32  _printf_char_common.o(.text)
    _sputc                                   0x08000519   Thumb Code    10  _sputc.o(.text)
    _printf_wctomb                           0x08000525   Thumb Code   182  _printf_wctomb.o(.text)
    _printf_longlong_dec                     0x080005e1   Thumb Code   108  _printf_longlong_dec.o(.text)
    _printf_longlong_oct                     0x0800065d   Thumb Code    66  _printf_oct_int_ll.o(.text)
    _printf_int_oct                          0x0800069f   Thumb Code    24  _printf_oct_int_ll.o(.text)
    _printf_ll_oct                           0x080006b7   Thumb Code    12  _printf_oct_int_ll.o(.text)
    _printf_longlong_hex                     0x080006cd   Thumb Code    86  _printf_hex_int_ll_ptr.o(.text)
    _printf_int_hex                          0x08000723   Thumb Code    28  _printf_hex_int_ll_ptr.o(.text)
    _printf_ll_hex                           0x0800073f   Thumb Code    12  _printf_hex_int_ll_ptr.o(.text)
    _printf_hex_ptr                          0x0800074b   Thumb Code    18  _printf_hex_int_ll_ptr.o(.text)
    __printf                                 0x08000761   Thumb Code   388  __printf_flags_ss_wp.o(.text)
    __aeabi_errno_addr                       0x080008e9   Thumb Code     8  rt_errno_addr_intlibspace.o(.text)
    __errno$intlibspace                      0x080008e9   Thumb Code     0  rt_errno_addr_intlibspace.o(.text)
    __rt_errno_addr$intlibspace              0x080008e9   Thumb Code     0  rt_errno_addr_intlibspace.o(.text)
    _ll_udiv10                               0x080008f1   Thumb Code   138  lludiv10.o(.text)
    _printf_int_common                       0x0800097b   Thumb Code   178  _printf_intcommon.o(.text)
    __lib_sel_fp_printf                      0x08000a2d   Thumb Code     2  _printf_fp_dec.o(.text)
    _printf_fp_dec_real                      0x08000bdf   Thumb Code   620  _printf_fp_dec.o(.text)
    _printf_fp_hex_real                      0x08000e4d   Thumb Code   756  _printf_fp_hex.o(.text)
    _printf_cs_common                        0x08001149   Thumb Code    20  _printf_char.o(.text)
    _printf_char                             0x0800115d   Thumb Code    16  _printf_char.o(.text)
    _printf_string                           0x0800116d   Thumb Code     8  _printf_char.o(.text)
    _printf_lcs_common                       0x08001175   Thumb Code    20  _printf_wchar.o(.text)
    _printf_wchar                            0x08001189   Thumb Code    16  _printf_wchar.o(.text)
    _printf_wstring                          0x08001199   Thumb Code     8  _printf_wchar.o(.text)
    _wcrtomb                                 0x080011a1   Thumb Code    64  _wcrtomb.o(.text)
    __user_libspace                          0x080011e1   Thumb Code     8  libspace.o(.text)
    __user_perproc_libspace                  0x080011e1   Thumb Code     0  libspace.o(.text)
    __user_perthread_libspace                0x080011e1   Thumb Code     0  libspace.o(.text)
    __user_setup_stackheap                   0x080011e9   Thumb Code    74  sys_stackheap_outer.o(.text)
    __rt_ctype_table                         0x08001235   Thumb Code    16  rt_ctype_table.o(.text)
    __rt_locale                              0x08001245   Thumb Code     8  rt_locale_intlibspace.o(.text)
    _printf_fp_infnan                        0x0800124d   Thumb Code   112  _printf_fp_infnan.o(.text)
    _btod_etento                             0x080012cd   Thumb Code   224  bigflt0.o(.text)
    exit                                     0x080013b1   Thumb Code    18  exit.o(.text)
    _sys_exit                                0x080013c5   Thumb Code     8  sys_exit.o(.text)
    __I$use$semihosting                      0x080013d1   Thumb Code     0  use_no_semi.o(.text)
    __use_no_semihosting_swi                 0x080013d1   Thumb Code     2  use_no_semi.o(.text)
    __semihosting_library_function           0x080013d3   Thumb Code     0  indicate_semi.o(.text)
    _btod_d2e                                0x080013d3   Thumb Code    62  btod.o(CL$$btod_d2e)
    _d2e_denorm_low                          0x08001411   Thumb Code    70  btod.o(CL$$btod_d2e_denorm_low)
    _d2e_norm_op1                            0x08001457   Thumb Code    96  btod.o(CL$$btod_d2e_norm_op1)
    __btod_div_common                        0x080014b7   Thumb Code   696  btod.o(CL$$btod_div_common)
    _e2e                                     0x080017ef   Thumb Code   220  btod.o(CL$$btod_e2e)
    _btod_ediv                               0x080018cb   Thumb Code    42  btod.o(CL$$btod_ediv)
    _btod_emul                               0x080018f5   Thumb Code    42  btod.o(CL$$btod_emul)
    __btod_mult_common                       0x0800191f   Thumb Code   580  btod.o(CL$$btod_mult_common)
    BusFault_Handler                         0x08001b63   Thumb Code     4  stm32f1xx_it.o(i.BusFault_Handler)
    DebugMon_Handler                         0x08001b67   Thumb Code     2  stm32f1xx_it.o(i.DebugMon_Handler)
    Error_Handler                            0x08001b69   Thumb Code     6  main.o(i.Error_Handler)
    HAL_Delay                                0x08001b71   Thumb Code    36  stm32f1xx_hal.o(i.HAL_Delay)
    HAL_GPIO_Init                            0x08001b99   Thumb Code   766  stm32f1xx_hal_gpio.o(i.HAL_GPIO_Init)
    HAL_GPIO_ReadPin                         0x08001eb9   Thumb Code    16  stm32f1xx_hal_gpio.o(i.HAL_GPIO_ReadPin)
    HAL_GPIO_WritePin                        0x08001ec9   Thumb Code    12  stm32f1xx_hal_gpio.o(i.HAL_GPIO_WritePin)
    HAL_GetTick                              0x08001ed5   Thumb Code     6  stm32f1xx_hal.o(i.HAL_GetTick)
    HAL_IncTick                              0x08001ee1   Thumb Code    16  stm32f1xx_hal.o(i.HAL_IncTick)
    HAL_Init                                 0x08001ef9   Thumb Code    34  stm32f1xx_hal.o(i.HAL_Init)
    HAL_InitTick                             0x08001f21   Thumb Code    64  stm32f1xx_hal.o(i.HAL_InitTick)
    HAL_MspInit                              0x08001f6d   Thumb Code    76  stm32f1xx_hal_msp.o(i.HAL_MspInit)
    HAL_NVIC_SetPriority                     0x08001fc1   Thumb Code   124  stm32f1xx_hal_cortex.o(i.HAL_NVIC_SetPriority)
    HAL_NVIC_SetPriorityGrouping             0x0800203d   Thumb Code    32  stm32f1xx_hal_cortex.o(i.HAL_NVIC_SetPriorityGrouping)
    HAL_RCC_ClockConfig                      0x08002065   Thumb Code   376  stm32f1xx_hal_rcc.o(i.HAL_RCC_ClockConfig)
    HAL_RCC_GetSysClockFreq                  0x080021f1   Thumb Code    92  stm32f1xx_hal_rcc.o(i.HAL_RCC_GetSysClockFreq)
    HAL_RCC_OscConfig                        0x08002261   Thumb Code  1114  stm32f1xx_hal_rcc.o(i.HAL_RCC_OscConfig)
    HAL_SYSTICK_Config                       0x080026c5   Thumb Code    52  stm32f1xx_hal_cortex.o(i.HAL_SYSTICK_Config)
    HardFault_Handler                        0x080026f9   Thumb Code     4  stm32f1xx_it.o(i.HardFault_Handler)
    I2C_Delay                                0x080026fd   Thumb Code    18  bsp_iic.o(i.I2C_Delay)
    I2C_GPIO_ReInit                          0x08002711   Thumb Code    56  bsp_iic.o(i.I2C_GPIO_ReInit)
    I2C_GetAck                               0x08002751   Thumb Code    98  bsp_iic.o(i.I2C_GetAck)
    I2C_Start                                0x080027b9   Thumb Code    46  bsp_iic.o(i.I2C_Start)
    I2C_Stop                                 0x080027ed   Thumb Code    46  bsp_iic.o(i.I2C_Stop)
    I2C_WriteByte                            0x08002821   Thumb Code    88  bsp_iic.o(i.I2C_WriteByte)
    MX_GPIO_Init                             0x0800287d   Thumb Code   204  gpio.o(i.MX_GPIO_Init)
    MemManage_Handler                        0x08002955   Thumb Code     4  stm32f1xx_it.o(i.MemManage_Handler)
    NMI_Handler                              0x08002959   Thumb Code     4  stm32f1xx_it.o(i.NMI_Handler)
    OLED_Clear                               0x0800295d   Thumb Code    36  bsp_oled.o(i.OLED_Clear)
    OLED_ClearArea                           0x08002985   Thumb Code   140  bsp_oled.o(i.OLED_ClearArea)
    OLED_DrawArc                             0x08002a15   Thumb Code   618  bsp_oled.o(i.OLED_DrawArc)
    OLED_DrawCircle                          0x08002c7f   Thumb Code   352  bsp_oled.o(i.OLED_DrawCircle)
    OLED_DrawEllipse                         0x08002de1   Thumb Code   806  bsp_oled.o(i.OLED_DrawEllipse)
    OLED_DrawLine                            0x0800310d   Thumb Code   374  bsp_oled.o(i.OLED_DrawLine)
    OLED_DrawPoint                           0x08003285   Thumb Code    76  bsp_oled.o(i.OLED_DrawPoint)
    OLED_DrawRectangle                       0x080032d5   Thumb Code   142  bsp_oled.o(i.OLED_DrawRectangle)
    OLED_DrawTriangle                        0x08003363   Thumb Code   232  bsp_oled.o(i.OLED_DrawTriangle)
    OLED_GetPoint                            0x0800344d   Thumb Code    64  bsp_oled.o(i.OLED_GetPoint)
    OLED_Init                                0x08003491   Thumb Code   154  bsp_oled.o(i.OLED_Init)
    OLED_IsInAngle                           0x0800352d   Thumb Code   110  bsp_oled.o(i.OLED_IsInAngle)
    OLED_Pow                                 0x080035a9   Thumb Code    20  bsp_oled.o(i.OLED_Pow)
    OLED_Printf                              0x080035bd   Thumb Code    50  bsp_oled.o(i.OLED_Printf)
    OLED_Reverse                             0x080035f1   Thumb Code    46  bsp_oled.o(i.OLED_Reverse)
    OLED_ReverseArea                         0x08003625   Thumb Code   140  bsp_oled.o(i.OLED_ReverseArea)
    OLED_SetCursor                           0x080036b5   Thumb Code    34  bsp_oled.o(i.OLED_SetCursor)
    OLED_ShowBinNum                          0x080036d7   Thumb Code    70  bsp_oled.o(i.OLED_ShowBinNum)
    OLED_ShowChar                            0x0800371d   Thumb Code    74  bsp_oled.o(i.OLED_ShowChar)
    OLED_ShowChinese                         0x08003771   Thumb Code   148  bsp_oled.o(i.OLED_ShowChinese)
    OLED_ShowFloatNum                        0x0800380d   Thumb Code   210  bsp_oled.o(i.OLED_ShowFloatNum)
    OLED_ShowHexNum                          0x080038df   Thumb Code    96  bsp_oled.o(i.OLED_ShowHexNum)
    OLED_ShowImage                           0x08003941   Thumb Code   248  bsp_oled.o(i.OLED_ShowImage)
    OLED_ShowNum                             0x08003a3d   Thumb Code    76  bsp_oled.o(i.OLED_ShowNum)
    OLED_ShowSignedNum                       0x08003a89   Thumb Code   112  bsp_oled.o(i.OLED_ShowSignedNum)
    OLED_ShowString                          0x08003af9   Thumb Code    46  bsp_oled.o(i.OLED_ShowString)
    OLED_Update                              0x08003b29   Thumb Code    36  bsp_oled.o(i.OLED_Update)
    OLED_WriteCommand                        0x08003b51   Thumb Code    32  bsp_oled.o(i.OLED_WriteCommand)
    OLED_WriteData                           0x08003b71   Thumb Code    46  bsp_oled.o(i.OLED_WriteData)
    OLED_pnpoly                              0x08003b9f   Thumb Code   140  bsp_oled.o(i.OLED_pnpoly)
    PendSV_Handler                           0x08003c2b   Thumb Code     2  stm32f1xx_it.o(i.PendSV_Handler)
    SVC_Handler                              0x08003c55   Thumb Code     2  stm32f1xx_it.o(i.SVC_Handler)
    SysTick_Handler                          0x08003c57   Thumb Code     8  stm32f1xx_it.o(i.SysTick_Handler)
    SystemClock_Config                       0x08003c5f   Thumb Code   102  main.o(i.SystemClock_Config)
    SystemInit                               0x08003cc5   Thumb Code     2  system_stm32f1xx.o(i.SystemInit)
    UsageFault_Handler                       0x08003cc7   Thumb Code     4  stm32f1xx_it.o(i.UsageFault_Handler)
    __ARM_fpclassify                         0x08003ccb   Thumb Code    40  fpclassify.o(i.__ARM_fpclassify)
    __kernel_poly                            0x08003d2d   Thumb Code   170  poly.o(i.__kernel_poly)
    __mathlib_dbl_infnan                     0x08003dd7   Thumb Code     6  dunder.o(i.__mathlib_dbl_infnan)
    __mathlib_dbl_infnan2                    0x08003ddd   Thumb Code     4  dunder.o(i.__mathlib_dbl_infnan2)
    __mathlib_dbl_underflow                  0x08003de1   Thumb Code    10  dunder.o(i.__mathlib_dbl_underflow)
    _is_digit                                0x08003df1   Thumb Code    14  __printf_wp.o(i._is_digit)
    atan                                     0x08003e01   Thumb Code   474  atan.o(i.atan)
    atan2                                    0x08004021   Thumb Code   374  atan2.o(i.atan2)
    main                                     0x080041bd   Thumb Code   540  main.o(i.main)
    round                                    0x08004415   Thumb Code   136  round.o(i.round)
    _get_lc_numeric                          0x080044a9   Thumb Code    44  lc_numeric_c.o(locale$$code)
    _get_lc_ctype                            0x080044d5   Thumb Code    44  lc_ctype_c.o(locale$$code)
    __aeabi_d2f                              0x08004501   Thumb Code     0  d2f.o(x$fpl$d2f)
    _d2f                                     0x08004501   Thumb Code    98  d2f.o(x$fpl$d2f)
    __aeabi_dadd                             0x08004565   Thumb Code     0  daddsub_clz.o(x$fpl$dadd)
    _dadd                                    0x08004565   Thumb Code   332  daddsub_clz.o(x$fpl$dadd)
    __fpl_dcheck_NaN1                        0x080046b5   Thumb Code    10  dcheck1.o(x$fpl$dcheck1)
    __fpl_dcmp_Inf                           0x080046c5   Thumb Code    24  dcmpi.o(x$fpl$dcmpinf)
    __aeabi_ddiv                             0x080046dd   Thumb Code     0  ddiv.o(x$fpl$ddiv)
    _ddiv                                    0x080046dd   Thumb Code   552  ddiv.o(x$fpl$ddiv)
    __aeabi_cdcmpeq                          0x0800498d   Thumb Code     0  deqf.o(x$fpl$deqf)
    _dcmpeq                                  0x0800498d   Thumb Code   120  deqf.o(x$fpl$deqf)
    __aeabi_d2iz                             0x08004a05   Thumb Code     0  dfix.o(x$fpl$dfix)
    _dfix                                    0x08004a05   Thumb Code    94  dfix.o(x$fpl$dfix)
    __aeabi_d2uiz                            0x08004a65   Thumb Code     0  dfixu.o(x$fpl$dfixu)
    _dfixu                                   0x08004a65   Thumb Code    90  dfixu.o(x$fpl$dfixu)
    __aeabi_i2d                              0x08004abf   Thumb Code     0  dflt_clz.o(x$fpl$dflt)
    _dflt                                    0x08004abf   Thumb Code    46  dflt_clz.o(x$fpl$dflt)
    __aeabi_ui2d                             0x08004aed   Thumb Code     0  dflt_clz.o(x$fpl$dfltu)
    _dfltu                                   0x08004aed   Thumb Code    38  dflt_clz.o(x$fpl$dfltu)
    __aeabi_cdcmple                          0x08004b15   Thumb Code     0  dleqf.o(x$fpl$dleqf)
    _dcmple                                  0x08004b15   Thumb Code   120  dleqf.o(x$fpl$dleqf)
    __fpl_dcmple_InfNaN                      0x08004b77   Thumb Code     0  dleqf.o(x$fpl$dleqf)
    __aeabi_dmul                             0x08004b8d   Thumb Code     0  dmul.o(x$fpl$dmul)
    _dmul                                    0x08004b8d   Thumb Code   332  dmul.o(x$fpl$dmul)
    __fpl_dnaninf                            0x08004ce1   Thumb Code   156  dnaninf.o(x$fpl$dnaninf)
    __fpl_dretinf                            0x08004d7d   Thumb Code    12  dretinf.o(x$fpl$dretinf)
    __aeabi_cdrcmple                         0x08004d89   Thumb Code     0  drleqf.o(x$fpl$drleqf)
    _drcmple                                 0x08004d89   Thumb Code   108  drleqf.o(x$fpl$drleqf)
    _drnd                                    0x08004df5   Thumb Code   180  drnd.o(x$fpl$drnd)
    __aeabi_drsub                            0x08004ea9   Thumb Code     0  daddsub_clz.o(x$fpl$drsb)
    _drsb                                    0x08004ea9   Thumb Code    22  daddsub_clz.o(x$fpl$drsb)
    __aeabi_dsub                             0x08004ec1   Thumb Code     0  daddsub_clz.o(x$fpl$dsub)
    _dsub                                    0x08004ec1   Thumb Code   464  daddsub_clz.o(x$fpl$dsub)
    __aeabi_fadd                             0x08005095   Thumb Code     0  faddsub_clz.o(x$fpl$fadd)
    _fadd                                    0x08005095   Thumb Code   196  faddsub_clz.o(x$fpl$fadd)
    __fpl_fcmp_Inf                           0x08005159   Thumb Code    24  fcmpi.o(x$fpl$fcmpinf)
    __aeabi_i2f                              0x08005171   Thumb Code     0  fflt_clz.o(x$fpl$fflt)
    _fflt                                    0x08005171   Thumb Code    48  fflt_clz.o(x$fpl$fflt)
    __aeabi_cfcmple                          0x080051a1   Thumb Code     0  fleqf.o(x$fpl$fleqf)
    _fcmple                                  0x080051a1   Thumb Code   104  fleqf.o(x$fpl$fleqf)
    __fpl_fcmple_InfNaN                      0x080051f3   Thumb Code     0  fleqf.o(x$fpl$fleqf)
    __fpl_fnaninf                            0x08005209   Thumb Code   140  fnaninf.o(x$fpl$fnaninf)
    __fpl_fretinf                            0x08005295   Thumb Code    10  fretinf.o(x$fpl$fretinf)
    __aeabi_fsub                             0x080052a1   Thumb Code     0  faddsub_clz.o(x$fpl$fsub)
    _fsub                                    0x080052a1   Thumb Code   234  faddsub_clz.o(x$fpl$fsub)
    _printf_fp_dec                           0x0800538b   Thumb Code     4  printf1.o(x$fpl$printf1)
    _printf_fp_hex                           0x0800538f   Thumb Code     4  printf2.o(x$fpl$printf2)
    __fpl_return_NaN                         0x08005393   Thumb Code   100  retnan.o(x$fpl$retnan)
    __ARM_scalbn                             0x080053f7   Thumb Code    92  scalbn.o(x$fpl$scalbn)
    __fpl_cmpreturn                          0x08005453   Thumb Code    48  trapv.o(x$fpl$trapveneer)
    __I$use$fp                               0x08005482   Number         0  usenofp.o(x$fpl$usenofp)
    AHBPrescTable                            0x08005494   Data          16  system_stm32f1xx.o(.constdata)
    APBPrescTable                            0x080054a4   Data           8  system_stm32f1xx.o(.constdata)
    OLED_F8x16                               0x080054ac   Data        1520  oled_data.o(.constdata)
    OLED_F6x8                                0x08005a9c   Data         570  oled_data.o(.constdata)
    OLED_CF16x16                             0x08005cd6   Data         245  oled_data.o(.constdata)
    Diode                                    0x08005dcb   Data          32  oled_data.o(.constdata)
    __mathlib_zero                           0x08005ec8   Data           8  qnan.o(.constdata)
    Region$$Table$$Base                      0x08005f8c   Number         0  anon$$obj.o(Region$$Table)
    Region$$Table$$Limit                     0x08005fac   Number         0  anon$$obj.o(Region$$Table)
    __ctype                                  0x08005fd5   Data           0  lc_ctype_c.o(locale$$data)
    uwTick                                   0x20000000   Data           4  stm32f1xx_hal.o(.data)
    uwTickPrio                               0x20000004   Data           4  stm32f1xx_hal.o(.data)
    uwTickFreq                               0x20000008   Data           1  stm32f1xx_hal.o(.data)
    SystemCoreClock                          0x2000000c   Data           4  system_stm32f1xx.o(.data)
    OLED_DisplayBuf                          0x20000010   Data        1024  bsp_oled.o(.bss)
    __libspace_start                         0x20000410   Data          96  libspace.o(.bss)
    __temporary_stack_top$libspace           0x20000470   Data           0  libspace.o(.bss)



==============================================================================

Memory Map of the image

  Image Entry point : 0x080000ed

  Load Region LR_IROM1 (Base: 0x08000000, Size: 0x000060e8, Max: 0x00010000, ABSOLUTE)

    Execution Region ER_IROM1 (Exec base: 0x08000000, Load base: 0x08000000, Size: 0x000060d8, Max: 0x00010000, ABSOLUTE)

    Exec Addr    Load Addr    Size         Type   Attr      Idx    E Section Name        Object

    0x08000000   0x08000000   0x000000ec   Data   RO            3    RESET               startup_stm32f103xb.o
    0x080000ec   0x080000ec   0x00000008   Code   RO         1875  * !!!main             c_w.l(__main.o)
    0x080000f4   0x080000f4   0x00000034   Code   RO         2310    !!!scatter          c_w.l(__scatter.o)
    0x08000128   0x08000128   0x0000001a   Code   RO         2312    !!handler_copy      c_w.l(__scatter_copy.o)
    0x08000142   0x08000142   0x00000002   PAD
    0x08000144   0x08000144   0x0000001c   Code   RO         2314    !!handler_zi        c_w.l(__scatter_zi.o)
    0x08000160   0x08000160   0x00000000   Code   RO         2017    .ARM.Collect$$_printf_percent$$00000000  c_w.l(_printf_percent.o)
    0x08000160   0x08000160   0x00000006   Code   RO         2006    .ARM.Collect$$_printf_percent$$00000001  c_w.l(_printf_n.o)
    0x08000166   0x08000166   0x00000006   Code   RO         2008    .ARM.Collect$$_printf_percent$$00000002  c_w.l(_printf_p.o)
    0x0800016c   0x0800016c   0x00000006   Code   RO         2013    .ARM.Collect$$_printf_percent$$00000003  c_w.l(_printf_f.o)
    0x08000172   0x08000172   0x00000006   Code   RO         2014    .ARM.Collect$$_printf_percent$$00000004  c_w.l(_printf_e.o)
    0x08000178   0x08000178   0x00000006   Code   RO         2015    .ARM.Collect$$_printf_percent$$00000005  c_w.l(_printf_g.o)
    0x0800017e   0x0800017e   0x00000006   Code   RO         2016    .ARM.Collect$$_printf_percent$$00000006  c_w.l(_printf_a.o)
    0x08000184   0x08000184   0x0000000a   Code   RO         2021    .ARM.Collect$$_printf_percent$$00000007  c_w.l(_printf_ll.o)
    0x0800018e   0x0800018e   0x00000006   Code   RO         2010    .ARM.Collect$$_printf_percent$$00000008  c_w.l(_printf_i.o)
    0x08000194   0x08000194   0x00000006   Code   RO         2011    .ARM.Collect$$_printf_percent$$00000009  c_w.l(_printf_d.o)
    0x0800019a   0x0800019a   0x00000006   Code   RO         2012    .ARM.Collect$$_printf_percent$$0000000A  c_w.l(_printf_u.o)
    0x080001a0   0x080001a0   0x00000006   Code   RO         2009    .ARM.Collect$$_printf_percent$$0000000B  c_w.l(_printf_o.o)
    0x080001a6   0x080001a6   0x00000006   Code   RO         2007    .ARM.Collect$$_printf_percent$$0000000C  c_w.l(_printf_x.o)
    0x080001ac   0x080001ac   0x00000006   Code   RO         2018    .ARM.Collect$$_printf_percent$$0000000D  c_w.l(_printf_lli.o)
    0x080001b2   0x080001b2   0x00000006   Code   RO         2019    .ARM.Collect$$_printf_percent$$0000000E  c_w.l(_printf_lld.o)
    0x080001b8   0x080001b8   0x00000006   Code   RO         2020    .ARM.Collect$$_printf_percent$$0000000F  c_w.l(_printf_llu.o)
    0x080001be   0x080001be   0x00000006   Code   RO         2025    .ARM.Collect$$_printf_percent$$00000010  c_w.l(_printf_llo.o)
    0x080001c4   0x080001c4   0x00000006   Code   RO         2026    .ARM.Collect$$_printf_percent$$00000011  c_w.l(_printf_llx.o)
    0x080001ca   0x080001ca   0x0000000a   Code   RO         2022    .ARM.Collect$$_printf_percent$$00000012  c_w.l(_printf_l.o)
    0x080001d4   0x080001d4   0x00000006   Code   RO         2004    .ARM.Collect$$_printf_percent$$00000013  c_w.l(_printf_c.o)
    0x080001da   0x080001da   0x00000006   Code   RO         2005    .ARM.Collect$$_printf_percent$$00000014  c_w.l(_printf_s.o)
    0x080001e0   0x080001e0   0x00000006   Code   RO         2023    .ARM.Collect$$_printf_percent$$00000015  c_w.l(_printf_lc.o)
    0x080001e6   0x080001e6   0x00000006   Code   RO         2024    .ARM.Collect$$_printf_percent$$00000016  c_w.l(_printf_ls.o)
    0x080001ec   0x080001ec   0x00000004   Code   RO         2112    .ARM.Collect$$_printf_percent$$00000017  c_w.l(_printf_percent_end.o)
    0x080001f0   0x080001f0   0x00000002   Code   RO         2170    .ARM.Collect$$libinit$$00000000  c_w.l(libinit.o)
    0x080001f2   0x080001f2   0x00000000   Code   RO         2181    .ARM.Collect$$libinit$$00000002  c_w.l(libinit2.o)
    0x080001f2   0x080001f2   0x00000000   Code   RO         2183    .ARM.Collect$$libinit$$00000004  c_w.l(libinit2.o)
    0x080001f2   0x080001f2   0x00000000   Code   RO         2186    .ARM.Collect$$libinit$$0000000A  c_w.l(libinit2.o)
    0x080001f2   0x080001f2   0x00000000   Code   RO         2188    .ARM.Collect$$libinit$$0000000C  c_w.l(libinit2.o)
    0x080001f2   0x080001f2   0x00000000   Code   RO         2190    .ARM.Collect$$libinit$$0000000E  c_w.l(libinit2.o)
    0x080001f2   0x080001f2   0x00000006   Code   RO         2191    .ARM.Collect$$libinit$$0000000F  c_w.l(libinit2.o)
    0x080001f8   0x080001f8   0x00000000   Code   RO         2193    .ARM.Collect$$libinit$$00000011  c_w.l(libinit2.o)
    0x080001f8   0x080001f8   0x0000000c   Code   RO         2194    .ARM.Collect$$libinit$$00000012  c_w.l(libinit2.o)
    0x08000204   0x08000204   0x00000000   Code   RO         2195    .ARM.Collect$$libinit$$00000013  c_w.l(libinit2.o)
    0x08000204   0x08000204   0x00000000   Code   RO         2197    .ARM.Collect$$libinit$$00000015  c_w.l(libinit2.o)
    0x08000204   0x08000204   0x0000000a   Code   RO         2198    .ARM.Collect$$libinit$$00000016  c_w.l(libinit2.o)
    0x0800020e   0x0800020e   0x00000000   Code   RO         2199    .ARM.Collect$$libinit$$00000017  c_w.l(libinit2.o)
    0x0800020e   0x0800020e   0x00000000   Code   RO         2201    .ARM.Collect$$libinit$$00000019  c_w.l(libinit2.o)
    0x0800020e   0x0800020e   0x00000000   Code   RO         2203    .ARM.Collect$$libinit$$0000001B  c_w.l(libinit2.o)
    0x0800020e   0x0800020e   0x00000000   Code   RO         2205    .ARM.Collect$$libinit$$0000001D  c_w.l(libinit2.o)
    0x0800020e   0x0800020e   0x00000000   Code   RO         2207    .ARM.Collect$$libinit$$0000001F  c_w.l(libinit2.o)
    0x0800020e   0x0800020e   0x00000000   Code   RO         2209    .ARM.Collect$$libinit$$00000021  c_w.l(libinit2.o)
    0x0800020e   0x0800020e   0x00000000   Code   RO         2211    .ARM.Collect$$libinit$$00000023  c_w.l(libinit2.o)
    0x0800020e   0x0800020e   0x00000000   Code   RO         2213    .ARM.Collect$$libinit$$00000025  c_w.l(libinit2.o)
    0x0800020e   0x0800020e   0x00000000   Code   RO         2217    .ARM.Collect$$libinit$$0000002C  c_w.l(libinit2.o)
    0x0800020e   0x0800020e   0x00000000   Code   RO         2219    .ARM.Collect$$libinit$$0000002E  c_w.l(libinit2.o)
    0x0800020e   0x0800020e   0x00000000   Code   RO         2221    .ARM.Collect$$libinit$$00000030  c_w.l(libinit2.o)
    0x0800020e   0x0800020e   0x00000000   Code   RO         2223    .ARM.Collect$$libinit$$00000032  c_w.l(libinit2.o)
    0x0800020e   0x0800020e   0x00000002   Code   RO         2224    .ARM.Collect$$libinit$$00000033  c_w.l(libinit2.o)
    0x08000210   0x08000210   0x00000002   Code   RO         2248    .ARM.Collect$$libshutdown$$00000000  c_w.l(libshutdown.o)
    0x08000212   0x08000212   0x00000000   Code   RO         2261    .ARM.Collect$$libshutdown$$00000002  c_w.l(libshutdown2.o)
    0x08000212   0x08000212   0x00000000   Code   RO         2263    .ARM.Collect$$libshutdown$$00000004  c_w.l(libshutdown2.o)
    0x08000212   0x08000212   0x00000000   Code   RO         2265    .ARM.Collect$$libshutdown$$00000006  c_w.l(libshutdown2.o)
    0x08000212   0x08000212   0x00000000   Code   RO         2268    .ARM.Collect$$libshutdown$$00000009  c_w.l(libshutdown2.o)
    0x08000212   0x08000212   0x00000000   Code   RO         2271    .ARM.Collect$$libshutdown$$0000000C  c_w.l(libshutdown2.o)
    0x08000212   0x08000212   0x00000000   Code   RO         2273    .ARM.Collect$$libshutdown$$0000000E  c_w.l(libshutdown2.o)
    0x08000212   0x08000212   0x00000000   Code   RO         2276    .ARM.Collect$$libshutdown$$00000011  c_w.l(libshutdown2.o)
    0x08000212   0x08000212   0x00000002   Code   RO         2277    .ARM.Collect$$libshutdown$$00000012  c_w.l(libshutdown2.o)
    0x08000214   0x08000214   0x00000000   Code   RO         1933    .ARM.Collect$$rtentry$$00000000  c_w.l(__rtentry.o)
    0x08000214   0x08000214   0x00000000   Code   RO         2078    .ARM.Collect$$rtentry$$00000002  c_w.l(__rtentry2.o)
    0x08000214   0x08000214   0x00000006   Code   RO         2090    .ARM.Collect$$rtentry$$00000004  c_w.l(__rtentry4.o)
    0x0800021a   0x0800021a   0x00000000   Code   RO         2080    .ARM.Collect$$rtentry$$00000009  c_w.l(__rtentry2.o)
    0x0800021a   0x0800021a   0x00000004   Code   RO         2081    .ARM.Collect$$rtentry$$0000000A  c_w.l(__rtentry2.o)
    0x0800021e   0x0800021e   0x00000000   Code   RO         2083    .ARM.Collect$$rtentry$$0000000C  c_w.l(__rtentry2.o)
    0x0800021e   0x0800021e   0x00000008   Code   RO         2084    .ARM.Collect$$rtentry$$0000000D  c_w.l(__rtentry2.o)
    0x08000226   0x08000226   0x00000002   Code   RO         2175    .ARM.Collect$$rtexit$$00000000  c_w.l(rtexit.o)
    0x08000228   0x08000228   0x00000000   Code   RO         2228    .ARM.Collect$$rtexit$$00000002  c_w.l(rtexit2.o)
    0x08000228   0x08000228   0x00000004   Code   RO         2229    .ARM.Collect$$rtexit$$00000003  c_w.l(rtexit2.o)
    0x0800022c   0x0800022c   0x00000006   Code   RO         2230    .ARM.Collect$$rtexit$$00000004  c_w.l(rtexit2.o)
    0x08000232   0x08000232   0x00000002   PAD
    0x08000234   0x08000234   0x00000040   Code   RO            4    .text               startup_stm32f103xb.o
    0x08000274   0x08000274   0x00000024   Code   RO         1867    .text               c_w.l(vsprintf.o)
    0x08000298   0x08000298   0x0000004e   Code   RO         1869    .text               c_w.l(rt_memclr_w.o)
    0x080002e6   0x080002e6   0x00000002   PAD
    0x080002e8   0x080002e8   0x00000080   Code   RO         1871    .text               c_w.l(strcmpv7m.o)
    0x08000368   0x08000368   0x00000006   Code   RO         1873    .text               c_w.l(heapauxi.o)
    0x0800036e   0x0800036e   0x00000016   Code   RO         1934    .text               c_w.l(_rserrno.o)
    0x08000384   0x08000384   0x0000004e   Code   RO         1938    .text               c_w.l(_printf_pad.o)
    0x080003d2   0x080003d2   0x00000024   Code   RO         1940    .text               c_w.l(_printf_truncate.o)
    0x080003f6   0x080003f6   0x00000052   Code   RO         1942    .text               c_w.l(_printf_str.o)
    0x08000448   0x08000448   0x00000078   Code   RO         1944    .text               c_w.l(_printf_dec.o)
    0x080004c0   0x080004c0   0x00000028   Code   RO         1946    .text               c_w.l(_printf_charcount.o)
    0x080004e8   0x080004e8   0x00000030   Code   RO         1948    .text               c_w.l(_printf_char_common.o)
    0x08000518   0x08000518   0x0000000a   Code   RO         1950    .text               c_w.l(_sputc.o)
    0x08000522   0x08000522   0x00000002   PAD
    0x08000524   0x08000524   0x000000bc   Code   RO         1952    .text               c_w.l(_printf_wctomb.o)
    0x080005e0   0x080005e0   0x0000007c   Code   RO         1955    .text               c_w.l(_printf_longlong_dec.o)
    0x0800065c   0x0800065c   0x00000070   Code   RO         1961    .text               c_w.l(_printf_oct_int_ll.o)
    0x080006cc   0x080006cc   0x00000094   Code   RO         1981    .text               c_w.l(_printf_hex_int_ll_ptr.o)
    0x08000760   0x08000760   0x00000188   Code   RO         2001    .text               c_w.l(__printf_flags_ss_wp.o)
    0x080008e8   0x080008e8   0x00000008   Code   RO         2095    .text               c_w.l(rt_errno_addr_intlibspace.o)
    0x080008f0   0x080008f0   0x0000008a   Code   RO         2097    .text               c_w.l(lludiv10.o)
    0x0800097a   0x0800097a   0x000000b2   Code   RO         2099    .text               c_w.l(_printf_intcommon.o)
    0x08000a2c   0x08000a2c   0x0000041e   Code   RO         2101    .text               c_w.l(_printf_fp_dec.o)
    0x08000e4a   0x08000e4a   0x00000002   PAD
    0x08000e4c   0x08000e4c   0x000002fc   Code   RO         2103    .text               c_w.l(_printf_fp_hex.o)
    0x08001148   0x08001148   0x0000002c   Code   RO         2108    .text               c_w.l(_printf_char.o)
    0x08001174   0x08001174   0x0000002c   Code   RO         2110    .text               c_w.l(_printf_wchar.o)
    0x080011a0   0x080011a0   0x00000040   Code   RO         2113    .text               c_w.l(_wcrtomb.o)
    0x080011e0   0x080011e0   0x00000008   Code   RO         2121    .text               c_w.l(libspace.o)
    0x080011e8   0x080011e8   0x0000004a   Code   RO         2124    .text               c_w.l(sys_stackheap_outer.o)
    0x08001232   0x08001232   0x00000002   PAD
    0x08001234   0x08001234   0x00000010   Code   RO         2126    .text               c_w.l(rt_ctype_table.o)
    0x08001244   0x08001244   0x00000008   Code   RO         2131    .text               c_w.l(rt_locale_intlibspace.o)
    0x0800124c   0x0800124c   0x00000080   Code   RO         2133    .text               c_w.l(_printf_fp_infnan.o)
    0x080012cc   0x080012cc   0x000000e4   Code   RO         2135    .text               c_w.l(bigflt0.o)
    0x080013b0   0x080013b0   0x00000012   Code   RO         2163    .text               c_w.l(exit.o)
    0x080013c2   0x080013c2   0x00000002   PAD
    0x080013c4   0x080013c4   0x0000000c   Code   RO         2240    .text               c_w.l(sys_exit.o)
    0x080013d0   0x080013d0   0x00000002   Code   RO         2251    .text               c_w.l(use_no_semi.o)
    0x080013d2   0x080013d2   0x00000000   Code   RO         2253    .text               c_w.l(indicate_semi.o)
    0x080013d2   0x080013d2   0x0000003e   Code   RO         2138    CL$$btod_d2e        c_w.l(btod.o)
    0x08001410   0x08001410   0x00000046   Code   RO         2140    CL$$btod_d2e_denorm_low  c_w.l(btod.o)
    0x08001456   0x08001456   0x00000060   Code   RO         2139    CL$$btod_d2e_norm_op1  c_w.l(btod.o)
    0x080014b6   0x080014b6   0x00000338   Code   RO         2148    CL$$btod_div_common  c_w.l(btod.o)
    0x080017ee   0x080017ee   0x000000dc   Code   RO         2145    CL$$btod_e2e        c_w.l(btod.o)
    0x080018ca   0x080018ca   0x0000002a   Code   RO         2142    CL$$btod_ediv       c_w.l(btod.o)
    0x080018f4   0x080018f4   0x0000002a   Code   RO         2141    CL$$btod_emul       c_w.l(btod.o)
    0x0800191e   0x0800191e   0x00000244   Code   RO         2147    CL$$btod_mult_common  c_w.l(btod.o)
    0x08001b62   0x08001b62   0x00000004   Code   RO          186    i.BusFault_Handler  stm32f1xx_it.o
    0x08001b66   0x08001b66   0x00000002   Code   RO          187    i.DebugMon_Handler  stm32f1xx_it.o
    0x08001b68   0x08001b68   0x00000006   Code   RO           15    i.Error_Handler     main.o
    0x08001b6e   0x08001b6e   0x00000002   PAD
    0x08001b70   0x08001b70   0x00000028   Code   RO          364    i.HAL_Delay         stm32f1xx_hal.o
    0x08001b98   0x08001b98   0x00000320   Code   RO          679    i.HAL_GPIO_Init     stm32f1xx_hal_gpio.o
    0x08001eb8   0x08001eb8   0x00000010   Code   RO          681    i.HAL_GPIO_ReadPin  stm32f1xx_hal_gpio.o
    0x08001ec8   0x08001ec8   0x0000000c   Code   RO          683    i.HAL_GPIO_WritePin  stm32f1xx_hal_gpio.o
    0x08001ed4   0x08001ed4   0x0000000c   Code   RO          368    i.HAL_GetTick       stm32f1xx_hal.o
    0x08001ee0   0x08001ee0   0x00000018   Code   RO          374    i.HAL_IncTick       stm32f1xx_hal.o
    0x08001ef8   0x08001ef8   0x00000028   Code   RO          375    i.HAL_Init          stm32f1xx_hal.o
    0x08001f20   0x08001f20   0x0000004c   Code   RO          376    i.HAL_InitTick      stm32f1xx_hal.o
    0x08001f6c   0x08001f6c   0x00000054   Code   RO          261    i.HAL_MspInit       stm32f1xx_hal_msp.o
    0x08001fc0   0x08001fc0   0x0000007c   Code   RO          845    i.HAL_NVIC_SetPriority  stm32f1xx_hal_cortex.o
    0x0800203c   0x0800203c   0x00000028   Code   RO          846    i.HAL_NVIC_SetPriorityGrouping  stm32f1xx_hal_cortex.o
    0x08002064   0x08002064   0x0000018c   Code   RO          532    i.HAL_RCC_ClockConfig  stm32f1xx_hal_rcc.o
    0x080021f0   0x080021f0   0x00000070   Code   RO          541    i.HAL_RCC_GetSysClockFreq  stm32f1xx_hal_rcc.o
    0x08002260   0x08002260   0x00000464   Code   RO          544    i.HAL_RCC_OscConfig  stm32f1xx_hal_rcc.o
    0x080026c4   0x080026c4   0x00000034   Code   RO          850    i.HAL_SYSTICK_Config  stm32f1xx_hal_cortex.o
    0x080026f8   0x080026f8   0x00000004   Code   RO          188    i.HardFault_Handler  stm32f1xx_it.o
    0x080026fc   0x080026fc   0x00000012   Code   RO         1562    i.I2C_Delay         bsp_iic.o
    0x0800270e   0x0800270e   0x00000002   PAD
    0x08002710   0x08002710   0x00000040   Code   RO         1563    i.I2C_GPIO_ReInit   bsp_iic.o
    0x08002750   0x08002750   0x00000068   Code   RO         1564    i.I2C_GetAck        bsp_iic.o
    0x080027b8   0x080027b8   0x00000034   Code   RO         1567    i.I2C_Start         bsp_iic.o
    0x080027ec   0x080027ec   0x00000034   Code   RO         1568    i.I2C_Stop          bsp_iic.o
    0x08002820   0x08002820   0x0000005c   Code   RO         1569    i.I2C_WriteByte     bsp_iic.o
    0x0800287c   0x0800287c   0x000000d8   Code   RO          162    i.MX_GPIO_Init      gpio.o
    0x08002954   0x08002954   0x00000004   Code   RO          189    i.MemManage_Handler  stm32f1xx_it.o
    0x08002958   0x08002958   0x00000004   Code   RO          190    i.NMI_Handler       stm32f1xx_it.o
    0x0800295c   0x0800295c   0x00000028   Code   RO         1633    i.OLED_Clear        bsp_oled.o
    0x08002984   0x08002984   0x00000090   Code   RO         1634    i.OLED_ClearArea    bsp_oled.o
    0x08002a14   0x08002a14   0x0000026a   Code   RO         1635    i.OLED_DrawArc      bsp_oled.o
    0x08002c7e   0x08002c7e   0x00000160   Code   RO         1636    i.OLED_DrawCircle   bsp_oled.o
    0x08002dde   0x08002dde   0x00000002   PAD
    0x08002de0   0x08002de0   0x0000032c   Code   RO         1637    i.OLED_DrawEllipse  bsp_oled.o
    0x0800310c   0x0800310c   0x00000176   Code   RO         1638    i.OLED_DrawLine     bsp_oled.o
    0x08003282   0x08003282   0x00000002   PAD
    0x08003284   0x08003284   0x00000050   Code   RO         1639    i.OLED_DrawPoint    bsp_oled.o
    0x080032d4   0x080032d4   0x0000008e   Code   RO         1640    i.OLED_DrawRectangle  bsp_oled.o
    0x08003362   0x08003362   0x000000e8   Code   RO         1641    i.OLED_DrawTriangle  bsp_oled.o
    0x0800344a   0x0800344a   0x00000002   PAD
    0x0800344c   0x0800344c   0x00000044   Code   RO         1642    i.OLED_GetPoint     bsp_oled.o
    0x08003490   0x08003490   0x0000009a   Code   RO         1643    i.OLED_Init         bsp_oled.o
    0x0800352a   0x0800352a   0x00000002   PAD
    0x0800352c   0x0800352c   0x0000007c   Code   RO         1644    i.OLED_IsInAngle    bsp_oled.o
    0x080035a8   0x080035a8   0x00000014   Code   RO         1645    i.OLED_Pow          bsp_oled.o
    0x080035bc   0x080035bc   0x00000032   Code   RO         1646    i.OLED_Printf       bsp_oled.o
    0x080035ee   0x080035ee   0x00000002   PAD
    0x080035f0   0x080035f0   0x00000034   Code   RO         1647    i.OLED_Reverse      bsp_oled.o
    0x08003624   0x08003624   0x00000090   Code   RO         1648    i.OLED_ReverseArea  bsp_oled.o
    0x080036b4   0x080036b4   0x00000022   Code   RO         1649    i.OLED_SetCursor    bsp_oled.o
    0x080036d6   0x080036d6   0x00000046   Code   RO         1650    i.OLED_ShowBinNum   bsp_oled.o
    0x0800371c   0x0800371c   0x00000054   Code   RO         1651    i.OLED_ShowChar     bsp_oled.o
    0x08003770   0x08003770   0x0000009c   Code   RO         1652    i.OLED_ShowChinese  bsp_oled.o
    0x0800380c   0x0800380c   0x000000d2   Code   RO         1653    i.OLED_ShowFloatNum  bsp_oled.o
    0x080038de   0x080038de   0x00000060   Code   RO         1654    i.OLED_ShowHexNum   bsp_oled.o
    0x0800393e   0x0800393e   0x00000002   PAD
    0x08003940   0x08003940   0x000000fc   Code   RO         1655    i.OLED_ShowImage    bsp_oled.o
    0x08003a3c   0x08003a3c   0x0000004c   Code   RO         1656    i.OLED_ShowNum      bsp_oled.o
    0x08003a88   0x08003a88   0x00000070   Code   RO         1657    i.OLED_ShowSignedNum  bsp_oled.o
    0x08003af8   0x08003af8   0x0000002e   Code   RO         1658    i.OLED_ShowString   bsp_oled.o
    0x08003b26   0x08003b26   0x00000002   PAD
    0x08003b28   0x08003b28   0x00000028   Code   RO         1659    i.OLED_Update       bsp_oled.o
    0x08003b50   0x08003b50   0x00000020   Code   RO         1661    i.OLED_WriteCommand  bsp_oled.o
    0x08003b70   0x08003b70   0x0000002e   Code   RO         1662    i.OLED_WriteData    bsp_oled.o
    0x08003b9e   0x08003b9e   0x0000008c   Code   RO         1663    i.OLED_pnpoly       bsp_oled.o
    0x08003c2a   0x08003c2a   0x00000002   Code   RO          191    i.PendSV_Handler    stm32f1xx_it.o
    0x08003c2c   0x08003c2c   0x00000028   Code   RO          545    i.RCC_Delay         stm32f1xx_hal_rcc.o
    0x08003c54   0x08003c54   0x00000002   Code   RO          192    i.SVC_Handler       stm32f1xx_it.o
    0x08003c56   0x08003c56   0x00000008   Code   RO          193    i.SysTick_Handler   stm32f1xx_it.o
    0x08003c5e   0x08003c5e   0x00000066   Code   RO           16    i.SystemClock_Config  main.o
    0x08003cc4   0x08003cc4   0x00000002   Code   RO         1366    i.SystemInit        system_stm32f1xx.o
    0x08003cc6   0x08003cc6   0x00000004   Code   RO          194    i.UsageFault_Handler  stm32f1xx_it.o
    0x08003cca   0x08003cca   0x00000028   Code   RO         2117    i.__ARM_fpclassify  m_ws.l(fpclassify.o)
    0x08003cf2   0x08003cf2   0x00000002   PAD
    0x08003cf4   0x08003cf4   0x00000010   Code   RO          852    i.__NVIC_GetPriorityGrouping  stm32f1xx_hal_cortex.o
    0x08003d04   0x08003d04   0x00000028   Code   RO          853    i.__NVIC_SetPriority  stm32f1xx_hal_cortex.o
    0x08003d2c   0x08003d2c   0x000000aa   Code   RO         2119    i.__kernel_poly     m_ws.l(poly.o)
    0x08003dd6   0x08003dd6   0x00000006   Code   RO         2063    i.__mathlib_dbl_infnan  m_ws.l(dunder.o)
    0x08003ddc   0x08003ddc   0x00000004   Code   RO         2064    i.__mathlib_dbl_infnan2  m_ws.l(dunder.o)
    0x08003de0   0x08003de0   0x00000010   Code   RO         2068    i.__mathlib_dbl_underflow  m_ws.l(dunder.o)
    0x08003df0   0x08003df0   0x0000000e   Code   RO         1994    i._is_digit         c_w.l(__printf_wp.o)
    0x08003dfe   0x08003dfe   0x00000002   PAD
    0x08003e00   0x08003e00   0x00000220   Code   RO         2053    i.atan              m_ws.l(atan.o)
    0x08004020   0x08004020   0x0000019c   Code   RO         1924    i.atan2             m_ws.l(atan2.o)
    0x080041bc   0x080041bc   0x00000258   Code   RO           17    i.main              main.o
    0x08004414   0x08004414   0x00000094   Code   RO         1931    i.round             m_ws.l(round.o)
    0x080044a8   0x080044a8   0x0000002c   Code   RO         2161    locale$$code        c_w.l(lc_numeric_c.o)
    0x080044d4   0x080044d4   0x0000002c   Code   RO         2178    locale$$code        c_w.l(lc_ctype_c.o)
    0x08004500   0x08004500   0x00000062   Code   RO         1877    x$fpl$d2f           fz_ws.l(d2f.o)
    0x08004562   0x08004562   0x00000002   PAD
    0x08004564   0x08004564   0x00000150   Code   RO         1879    x$fpl$dadd          fz_ws.l(daddsub_clz.o)
    0x080046b4   0x080046b4   0x00000010   Code   RO         2171    x$fpl$dcheck1       fz_ws.l(dcheck1.o)
    0x080046c4   0x080046c4   0x00000018   Code   RO         2027    x$fpl$dcmpinf       fz_ws.l(dcmpi.o)
    0x080046dc   0x080046dc   0x000002b0   Code   RO         1886    x$fpl$ddiv          fz_ws.l(ddiv.o)
    0x0800498c   0x0800498c   0x00000078   Code   RO         2029    x$fpl$deqf          fz_ws.l(deqf.o)
    0x08004a04   0x08004a04   0x0000005e   Code   RO         1889    x$fpl$dfix          fz_ws.l(dfix.o)
    0x08004a62   0x08004a62   0x00000002   PAD
    0x08004a64   0x08004a64   0x0000005a   Code   RO         1893    x$fpl$dfixu         fz_ws.l(dfixu.o)
    0x08004abe   0x08004abe   0x0000002e   Code   RO         1898    x$fpl$dflt          fz_ws.l(dflt_clz.o)
    0x08004aec   0x08004aec   0x00000026   Code   RO         1897    x$fpl$dfltu         fz_ws.l(dflt_clz.o)
    0x08004b12   0x08004b12   0x00000002   PAD
    0x08004b14   0x08004b14   0x00000078   Code   RO         1903    x$fpl$dleqf         fz_ws.l(dleqf.o)
    0x08004b8c   0x08004b8c   0x00000154   Code   RO         1905    x$fpl$dmul          fz_ws.l(dmul.o)
    0x08004ce0   0x08004ce0   0x0000009c   Code   RO         2031    x$fpl$dnaninf       fz_ws.l(dnaninf.o)
    0x08004d7c   0x08004d7c   0x0000000c   Code   RO         2033    x$fpl$dretinf       fz_ws.l(dretinf.o)
    0x08004d88   0x08004d88   0x0000006c   Code   RO         1907    x$fpl$drleqf        fz_ws.l(drleqf.o)
    0x08004df4   0x08004df4   0x000000b4   Code   RO         2035    x$fpl$drnd          fz_ws.l(drnd.o)
    0x08004ea8   0x08004ea8   0x00000016   Code   RO         1880    x$fpl$drsb          fz_ws.l(daddsub_clz.o)
    0x08004ebe   0x08004ebe   0x00000002   PAD
    0x08004ec0   0x08004ec0   0x000001d4   Code   RO         1881    x$fpl$dsub          fz_ws.l(daddsub_clz.o)
    0x08005094   0x08005094   0x000000c4   Code   RO         1909    x$fpl$fadd          fz_ws.l(faddsub_clz.o)
    0x08005158   0x08005158   0x00000018   Code   RO         2037    x$fpl$fcmpinf       fz_ws.l(fcmpi.o)
    0x08005170   0x08005170   0x00000030   Code   RO         1916    x$fpl$fflt          fz_ws.l(fflt_clz.o)
    0x080051a0   0x080051a0   0x00000068   Code   RO         1921    x$fpl$fleqf         fz_ws.l(fleqf.o)
    0x08005208   0x08005208   0x0000008c   Code   RO         2039    x$fpl$fnaninf       fz_ws.l(fnaninf.o)
    0x08005294   0x08005294   0x0000000a   Code   RO         2041    x$fpl$fretinf       fz_ws.l(fretinf.o)
    0x0800529e   0x0800529e   0x00000002   PAD
    0x080052a0   0x080052a0   0x000000ea   Code   RO         1911    x$fpl$fsub          fz_ws.l(faddsub_clz.o)
    0x0800538a   0x0800538a   0x00000004   Code   RO         2043    x$fpl$printf1       fz_ws.l(printf1.o)
    0x0800538e   0x0800538e   0x00000004   Code   RO         2045    x$fpl$printf2       fz_ws.l(printf2.o)
    0x08005392   0x08005392   0x00000064   Code   RO         2225    x$fpl$retnan        fz_ws.l(retnan.o)
    0x080053f6   0x080053f6   0x0000005c   Code   RO         2115    x$fpl$scalbn        fz_ws.l(scalbn.o)
    0x08005452   0x08005452   0x00000030   Code   RO         2238    x$fpl$trapveneer    fz_ws.l(trapv.o)
    0x08005482   0x08005482   0x00000000   Code   RO         2051    x$fpl$usenofp       fz_ws.l(usenofp.o)
    0x08005482   0x08005482   0x00000012   Data   RO          546    .constdata          stm32f1xx_hal_rcc.o
    0x08005494   0x08005494   0x00000018   Data   RO         1367    .constdata          system_stm32f1xx.o
    0x080054ac   0x080054ac   0x0000093f   Data   RO         1851    .constdata          oled_data.o
    0x08005deb   0x08005deb   0x00000001   PAD
    0x08005dec   0x08005dec   0x00000008   Data   RO         1953    .constdata          c_w.l(_printf_wctomb.o)
    0x08005df4   0x08005df4   0x00000028   Data   RO         1982    .constdata          c_w.l(_printf_hex_int_ll_ptr.o)
    0x08005e1c   0x08005e1c   0x00000011   Data   RO         2002    .constdata          c_w.l(__printf_flags_ss_wp.o)
    0x08005e2d   0x08005e2d   0x00000003   PAD
    0x08005e30   0x08005e30   0x00000098   Data   RO         2054    .constdata          m_ws.l(atan.o)
    0x08005ec8   0x08005ec8   0x00000008   Data   RO         2076    .constdata          m_ws.l(qnan.o)
    0x08005ed0   0x08005ed0   0x00000026   Data   RO         2104    .constdata          c_w.l(_printf_fp_hex.o)
    0x08005ef6   0x08005ef6   0x00000002   PAD
    0x08005ef8   0x08005ef8   0x00000094   Data   RO         2136    .constdata          c_w.l(bigflt0.o)
    0x08005f8c   0x08005f8c   0x00000020   Data   RO         2308    Region$$Table       anon$$obj.o
    0x08005fac   0x08005fac   0x0000001c   Data   RO         2160    locale$$data        c_w.l(lc_numeric_c.o)
    0x08005fc8   0x08005fc8   0x00000110   Data   RO         2177    locale$$data        c_w.l(lc_ctype_c.o)


    Execution Region RW_IRAM1 (Exec base: 0x20000000, Load base: 0x080060d8, Size: 0x00000a70, Max: 0x00005000, ABSOLUTE)

    Exec Addr    Load Addr    Size         Type   Attr      Idx    E Section Name        Object

    0x20000000   0x080060d8   0x00000009   Data   RW          382    .data               stm32f1xx_hal.o
    0x20000009   0x080060e1   0x00000003   PAD
    0x2000000c   0x080060e4   0x00000004   Data   RW         1368    .data               system_stm32f1xx.o
    0x20000010        -       0x00000400   Zero   RW         1664    .bss                bsp_oled.o
    0x20000410        -       0x00000060   Zero   RW         2122    .bss                c_w.l(libspace.o)
    0x20000470        -       0x00000200   Zero   RW            2    HEAP                startup_stm32f103xb.o
    0x20000670        -       0x00000400   Zero   RW            1    STACK               startup_stm32f103xb.o


==============================================================================

Image component sizes


      Code (inc. data)   RO Data    RW Data    ZI Data      Debug   Object Name

       382         30          0          0          0       3230   bsp_iic.o
      4800         72          0          0       1024      23314   bsp_oled.o
       216         12          0          0          0        927   gpio.o
       708         60          0          0          0     381416   main.o
         0          0       2367          0          0       1026   oled_data.o
        64         26        236          0       1536        792   startup_stm32f103xb.o
       192         36          0          9          0       5725   stm32f1xx_hal.o
       272         22          0          0          0      28630   stm32f1xx_hal_cortex.o
       828         34          0          0          0       3231   stm32f1xx_hal_gpio.o
        84          8          0          0          0        854   stm32f1xx_hal_msp.o
      1672         72         18          0          0       4236   stm32f1xx_hal_rcc.o
        34          0          0          0          0       3734   stm32f1xx_it.o
         2          0         24          4          0       1059   system_stm32f1xx.o

    ----------------------------------------------------------------------
      9272        372       2678         16       2560     458174   Object Totals
         0          0         32          0          0          0   (incl. Generated)
        18          0          1          3          0          0   (incl. Padding)

    ----------------------------------------------------------------------

      Code (inc. data)   RO Data    RW Data    ZI Data      Debug   Library Member Name

         8          0          0          0          0         68   __main.o
       392          4         17          0          0         92   __printf_flags_ss_wp.o
        14          0          0          0          0         68   __printf_wp.o
         0          0          0          0          0          0   __rtentry.o
        12          0          0          0          0          0   __rtentry2.o
         6          0          0          0          0          0   __rtentry4.o
        52          8          0          0          0          0   __scatter.o
        26          0          0          0          0          0   __scatter_copy.o
        28          0          0          0          0          0   __scatter_zi.o
         6          0          0          0          0          0   _printf_a.o
         6          0          0          0          0          0   _printf_c.o
        44          0          0          0          0        108   _printf_char.o
        48          6          0          0          0         96   _printf_char_common.o
        40          0          0          0          0         68   _printf_charcount.o
         6          0          0          0          0          0   _printf_d.o
       120         16          0          0          0         92   _printf_dec.o
         6          0          0          0          0          0   _printf_e.o
         6          0          0          0          0          0   _printf_f.o
      1054          0          0          0          0        216   _printf_fp_dec.o
       764          8         38          0          0        100   _printf_fp_hex.o
       128         16          0          0          0         84   _printf_fp_infnan.o
         6          0          0          0          0          0   _printf_g.o
       148          4         40          0          0        160   _printf_hex_int_ll_ptr.o
         6          0          0          0          0          0   _printf_i.o
       178          0          0          0          0         88   _printf_intcommon.o
        10          0          0          0          0          0   _printf_l.o
         6          0          0          0          0          0   _printf_lc.o
        10          0          0          0          0          0   _printf_ll.o
         6          0          0          0          0          0   _printf_lld.o
         6          0          0          0          0          0   _printf_lli.o
         6          0          0          0          0          0   _printf_llo.o
         6          0          0          0          0          0   _printf_llu.o
         6          0          0          0          0          0   _printf_llx.o
       124         16          0          0          0         92   _printf_longlong_dec.o
         6          0          0          0          0          0   _printf_ls.o
         6          0          0          0          0          0   _printf_n.o
         6          0          0          0          0          0   _printf_o.o
       112         10          0          0          0        124   _printf_oct_int_ll.o
         6          0          0          0          0          0   _printf_p.o
        78          0          0          0          0        108   _printf_pad.o
         0          0          0          0          0          0   _printf_percent.o
         4          0          0          0          0          0   _printf_percent_end.o
         6          0          0          0          0          0   _printf_s.o
        82          0          0          0          0         80   _printf_str.o
        36          0          0          0          0         84   _printf_truncate.o
         6          0          0          0          0          0   _printf_u.o
        44          0          0          0          0        108   _printf_wchar.o
       188          6          8          0          0         92   _printf_wctomb.o
         6          0          0          0          0          0   _printf_x.o
        22          0          0          0          0        100   _rserrno.o
        10          0          0          0          0         68   _sputc.o
        64          0          0          0          0         92   _wcrtomb.o
       228          4        148          0          0         96   bigflt0.o
      1936        128          0          0          0        672   btod.o
        18          0          0          0          0         80   exit.o
         6          0          0          0          0        152   heapauxi.o
         0          0          0          0          0          0   indicate_semi.o
        44         10        272          0          0         76   lc_ctype_c.o
        44         10         28          0          0         76   lc_numeric_c.o
         2          0          0          0          0          0   libinit.o
        30          0          0          0          0          0   libinit2.o
         2          0          0          0          0          0   libshutdown.o
         2          0          0          0          0          0   libshutdown2.o
         8          4          0          0         96         68   libspace.o
       138          0          0          0          0         80   lludiv10.o
        16          4          0          0          0         76   rt_ctype_table.o
         8          4          0          0          0         68   rt_errno_addr_intlibspace.o
         8          4          0          0          0         68   rt_locale_intlibspace.o
        78          0          0          0          0         80   rt_memclr_w.o
         2          0          0          0          0          0   rtexit.o
        10          0          0          0          0          0   rtexit2.o
       128          0          0          0          0         68   strcmpv7m.o
        12          4          0          0          0         68   sys_exit.o
        74          0          0          0          0         80   sys_stackheap_outer.o
         2          0          0          0          0         68   use_no_semi.o
        36          4          0          0          0         76   vsprintf.o
        98          4          0          0          0         92   d2f.o
       826         16          0          0          0        348   daddsub_clz.o
        16          4          0          0          0         68   dcheck1.o
        24          0          0          0          0         68   dcmpi.o
       688        140          0          0          0        208   ddiv.o
       120          4          0          0          0         92   deqf.o
        94          4          0          0          0         92   dfix.o
        90          4          0          0          0         92   dfixu.o
        84          0          0          0          0        136   dflt_clz.o
       120          4          0          0          0         92   dleqf.o
       340         12          0          0          0        104   dmul.o
       156          4          0          0          0         92   dnaninf.o
        12          0          0          0          0         68   dretinf.o
       108          0          0          0          0         80   drleqf.o
       180          4          0          0          0         80   drnd.o
       430          8          0          0          0        168   faddsub_clz.o
        24          0          0          0          0         68   fcmpi.o
        48          0          0          0          0         68   fflt_clz.o
       104          4          0          0          0         84   fleqf.o
       140          4          0          0          0         84   fnaninf.o
        10          0          0          0          0         68   fretinf.o
         4          0          0          0          0         68   printf1.o
         4          0          0          0          0         68   printf2.o
       100          0          0          0          0         68   retnan.o
        92          0          0          0          0         68   scalbn.o
        48          0          0          0          0         68   trapv.o
         0          0          0          0          0          0   usenofp.o
       544         70        152          0          0        124   atan.o
       412         38          0          0          0        144   atan2.o
        26          6          0          0          0        204   dunder.o
        40          0          0          0          0         68   fpclassify.o
       170          0          0          0          0         96   poly.o
         0          0          8          0          0          0   qnan.o
       148         12          0          0          0         88   round.o

    ----------------------------------------------------------------------
     12126        612        716          0         96       7456   Library Totals
        28          0          5          0          0          0   (incl. Padding)

    ----------------------------------------------------------------------

      Code (inc. data)   RO Data    RW Data    ZI Data      Debug   Library Name

      6798        270        551          0         96       4140   c_w.l
      3960        216          0          0          0       2592   fz_ws.l
      1340        126        160          0          0        724   m_ws.l

    ----------------------------------------------------------------------
     12126        612        716          0         96       7456   Library Totals

    ----------------------------------------------------------------------

==============================================================================


      Code (inc. data)   RO Data    RW Data    ZI Data      Debug   

     21398        984       3394         16       2656     458034   Grand Totals
     21398        984       3394         16       2656     458034   ELF Image Totals
     21398        984       3394         16          0          0   ROM Totals

==============================================================================

    Total RO  Size (Code + RO Data)                24792 (  24.21kB)
    Total RW  Size (RW Data + ZI Data)              2672 (   2.61kB)
    Total ROM Size (Code + RO Data + RW Data)      24808 (  24.23kB)

==============================================================================

